#-----------------------------------------------------------
# Vivado v2023.1 (64-bit)
# SW Build 3865809 on Sun May  7 15:05:29 MDT 2023
# IP Build 3864474 on Sun May  7 20:36:21 MDT 2023
# SharedData Build 3865790 on Sun May 07 13:33:03 MDT 2023
# Start of session at: Tue Jan 28 16:41:36 2025
# Process ID: 6200
# Current directory: C:/DDA2024/Labs/Lab06/Laboratorio_6_IgnacioBalbo/Laboratorio_6_IgnacioBalbo.runs/design_1_mdm_1_0_synth_1
# Command line: vivado.exe -log design_1_mdm_1_0.vds -product Vivado -mode batch -messageDb vivado.pb -notrace -source design_1_mdm_1_0.tcl
# Log file: C:/DDA2024/Labs/Lab06/Laboratorio_6_IgnacioBalbo/Laboratorio_6_IgnacioBalbo.runs/design_1_mdm_1_0_synth_1/design_1_mdm_1_0.vds
# Journal file: C:/DDA2024/Labs/Lab06/Laboratorio_6_IgnacioBalbo/Laboratorio_6_IgnacioBalbo.runs/design_1_mdm_1_0_synth_1\vivado.jou
# Running On: IgnachPC, OS: Windows, CPU Frequency: 3800 MHz, CPU Physical cores: 16, Host memory: 17088 MB
#-----------------------------------------------------------
source design_1_mdm_1_0.tcl -notrace
