
*** Running vivado
    with args -log carrier_recovery.vds -m64 -product Vivado -mode batch -messageDb vivado.pb -notrace -source carrier_recovery.tcl


ECHO is off.
ECHO is off.

****** Vivado v2023.1 (64-bit)
  **** SW Build 3865809 on Sun May  7 15:05:29 MDT 2023
  **** IP Build 3864474 on Sun May  7 20:36:21 MDT 2023
  **** SharedData Build 3865790 on Sun May 07 13:33:03 MDT 2023
    ** Copyright 1986-2022 Xilinx, Inc. All Rights Reserved.
    ** Copyright 2022-2023 Advanced Micro Devices, Inc. All Rights Reserved.

source carrier_recovery.tcl -notrace
create_project: Time (s): cpu = 00:00:06 ; elapsed = 00:00:07 . Memory (MB): peak = 459.773 ; gain = 191.098
Command: read_checkpoint -auto_incremental -incremental C:/Maestria/carrier_recovery/carrier_recovery.srcs/utils_1/imports/synth_1/carrier_recovery.dcp
INFO: [Vivado 12-5825] Read reference checkpoint from C:/Maestria/carrier_recovery/carrier_recovery.srcs/utils_1/imports/synth_1/carrier_recovery.dcp for incremental synthesis
INFO: [Vivado 12-7989] Please ensure there are no constraint changes
Command: synth_design -top carrier_recovery -part xc7a35ticsg324-1L
Starting synth_design
Attempting to get a license for feature 'Synthesis' and/or device 'xc7a35ti'
INFO: [Common 17-349] Got license for feature 'Synthesis' and/or device 'xc7a35ti'
INFO: [Device 21-403] Loading part xc7a35ticsg324-1L
INFO: [Designutils 20-5440] No compile time benefit to using incremental synthesis; A full resynthesis will be run
INFO: [Designutils 20-4379] Flow is switching to default flow due to incremental criteria not met. If you would like to alter this behaviour and have the flow terminate instead, please set the following parameter config_implementation {autoIncr.Synth.RejectBehavior Terminate}
INFO: [Synth 8-7079] Multithreading enabled for synth_design using a maximum of 2 processes.
INFO: [Synth 8-7078] Launching helper process for spawning children vivado processes
INFO: [Synth 8-7075] Helper process launched with PID 12136
---------------------------------------------------------------------------------
Starting RTL Elaboration : Time (s): cpu = 00:00:04 ; elapsed = 00:00:04 . Memory (MB): peak = 1284.551 ; gain = 411.859
---------------------------------------------------------------------------------
INFO: [Synth 8-6157] synthesizing module 'carrier_recovery' [C:/Maestria/DDA-2025/ProyectoFinal/RTL/carrier_recovery/carrier_recovery.v:1]
INFO: [Synth 8-6157] synthesizing module 'complex_multiplication' [C:/Maestria/DDA-2025/ProyectoFinal/RTL/complex_multiplication/complex_multiplication.v:1]
	Parameter NB_IN_CARRIER_RECOVERY bound to: 8 - type: integer 
	Parameter NBF_IN_CARRIER_RECOVERY bound to: 7 - type: integer 
	Parameter NB_OUT_CARRIER_RECOVERY bound to: 8 - type: integer 
	Parameter NBF_OUT_CARRIER_RECOVERY bound to: 7 - type: integer 
	Parameter NB_IN_ESTIMATED_PHASE bound to: 9 - type: integer 
	Parameter NBF_IN_ESTIMATED_PHASE bound to: 7 - type: integer 
INFO: [Synth 8-6157] synthesizing module 'rounding' [C:/Maestria/DDA-2025/Basic_Modules/rounding.v:1]
	Parameter NB_IN bound to: 17 - type: integer 
	Parameter NBF_IN bound to: 14 - type: integer 
	Parameter NB_RND bound to: 8 - type: integer 
	Parameter NBF_RND bound to: 7 - type: integer 
INFO: [Synth 8-6155] done synthesizing module 'rounding' (0#1) [C:/Maestria/DDA-2025/Basic_Modules/rounding.v:1]
INFO: [Synth 8-6155] done synthesizing module 'complex_multiplication' (0#1) [C:/Maestria/DDA-2025/ProyectoFinal/RTL/complex_multiplication/complex_multiplication.v:1]
INFO: [Synth 8-6157] synthesizing module 'phase_detector' [C:/Maestria/DDA-2025/ProyectoFinal/RTL/phase_detector/phase_detector.v:9]
	Parameter NB_IN_PD bound to: 8 - type: integer 
	Parameter NBF_IN_PD bound to: 8 - type: integer 
	Parameter NB_OUT_PD bound to: 11 - type: integer 
	Parameter NBF_OUT_PD bound to: 7 - type: integer 
INFO: [Synth 8-6157] synthesizing module 'slicer' [C:/Maestria/DDA-2025/ProyectoFinal/RTL/slicer/slicer.v:1]
	Parameter NB_DATA_IN_OUT bound to: 8 - type: integer 
	Parameter NBF_DATA_IN_OUT bound to: 8 - type: integer 
INFO: [Synth 8-6155] done synthesizing module 'slicer' (0#1) [C:/Maestria/DDA-2025/ProyectoFinal/RTL/slicer/slicer.v:1]
INFO: [Synth 8-6157] synthesizing module 'ram_atan' [C:/Maestria/carrier_recovery/carrier_recovery.runs/synth_1/.Xil/Vivado-24716-IgnachPC/realtime/ram_atan_stub.v:6]
INFO: [Synth 8-6155] done synthesizing module 'ram_atan' (0#1) [C:/Maestria/carrier_recovery/carrier_recovery.runs/synth_1/.Xil/Vivado-24716-IgnachPC/realtime/ram_atan_stub.v:6]
INFO: [Synth 8-6155] done synthesizing module 'phase_detector' (0#1) [C:/Maestria/DDA-2025/ProyectoFinal/RTL/phase_detector/phase_detector.v:9]
INFO: [Synth 8-6157] synthesizing module 'loop_filter' [C:/Maestria/DDA-2025/ProyectoFinal/RTL/loop_filter/loop_filter.v:3]
	Parameter NB_PHASE_IN bound to: 11 - type: integer 
	Parameter NBF_PHASE_IN bound to: 7 - type: integer 
	Parameter NB_PHASE_OUT bound to: 11 - type: integer 
	Parameter NBF_PHASE_OUT bound to: 7 - type: integer 
INFO: [Synth 8-6157] synthesizing module 'rounding__parameterized0' [C:/Maestria/DDA-2025/Basic_Modules/rounding.v:1]
	Parameter NB_IN bound to: 18 - type: integer 
	Parameter NBF_IN bound to: 14 - type: integer 
	Parameter NB_RND bound to: 11 - type: integer 
	Parameter NBF_RND bound to: 7 - type: integer 
INFO: [Synth 8-6155] done synthesizing module 'rounding__parameterized0' (0#1) [C:/Maestria/DDA-2025/Basic_Modules/rounding.v:1]
INFO: [Synth 8-6155] done synthesizing module 'loop_filter' (0#1) [C:/Maestria/DDA-2025/ProyectoFinal/RTL/loop_filter/loop_filter.v:3]
INFO: [Synth 8-6157] synthesizing module 'vco' [C:/Maestria/DDA-2025/ProyectoFinal/RTL/vco/vco.v:1]
	Parameter NB_PHASE_IN bound to: 11 - type: integer 
	Parameter NBF_PHASE_IN bound to: 7 - type: integer 
	Parameter NB_PHASE_OUT bound to: 11 - type: integer 
	Parameter NBF_PHASE_OUT bound to: 7 - type: integer 
INFO: [Synth 8-6155] done synthesizing module 'vco' (0#1) [C:/Maestria/DDA-2025/ProyectoFinal/RTL/vco/vco.v:1]
INFO: [Synth 8-6157] synthesizing module 'cos_calc' [C:/Maestria/DDA-2025/ProyectoFinal/RTL/cos_calc/cos_calc.v:1]
	Parameter NB_DATA_IN bound to: 11 - type: integer 
	Parameter NBF_DATA_IN bound to: 7 - type: integer 
	Parameter NB_DATA_OUT bound to: 9 - type: integer 
	Parameter NBF_DATA_OUT bound to: 7 - type: integer 
INFO: [Synth 8-6157] synthesizing module 'sin_calc' [C:/Maestria/DDA-2025/ProyectoFinal/RTL/sin_calc/sin_calc.v:1]
	Parameter NB_DATA_IN bound to: 11 - type: integer 
	Parameter NBF_DATA_IN bound to: 7 - type: integer 
	Parameter NB_DATA_OUT bound to: 9 - type: integer 
	Parameter NBF_DATA_OUT bound to: 7 - type: integer 
INFO: [Synth 8-6157] synthesizing module 'ram_sin' [C:/Maestria/carrier_recovery/carrier_recovery.runs/synth_1/.Xil/Vivado-24716-IgnachPC/realtime/ram_sin_stub.v:6]
INFO: [Synth 8-6155] done synthesizing module 'ram_sin' (0#1) [C:/Maestria/carrier_recovery/carrier_recovery.runs/synth_1/.Xil/Vivado-24716-IgnachPC/realtime/ram_sin_stub.v:6]
INFO: [Synth 8-6155] done synthesizing module 'sin_calc' (0#1) [C:/Maestria/DDA-2025/ProyectoFinal/RTL/sin_calc/sin_calc.v:1]
INFO: [Synth 8-6155] done synthesizing module 'cos_calc' (0#1) [C:/Maestria/DDA-2025/ProyectoFinal/RTL/cos_calc/cos_calc.v:1]
INFO: [Synth 8-6155] done synthesizing module 'carrier_recovery' (0#1) [C:/Maestria/DDA-2025/ProyectoFinal/RTL/carrier_recovery/carrier_recovery.v:1]
WARNING: [Synth 8-7129] Port i_clock in module complex_multiplication is either unconnected or has no load
WARNING: [Synth 8-7129] Port i_rst_n in module complex_multiplication is either unconnected or has no load
---------------------------------------------------------------------------------
Finished RTL Elaboration : Time (s): cpu = 00:00:06 ; elapsed = 00:00:06 . Memory (MB): peak = 1378.945 ; gain = 506.254
---------------------------------------------------------------------------------
---------------------------------------------------------------------------------
Start Handling Custom Attributes
---------------------------------------------------------------------------------
---------------------------------------------------------------------------------
Finished Handling Custom Attributes : Time (s): cpu = 00:00:06 ; elapsed = 00:00:06 . Memory (MB): peak = 1378.945 ; gain = 506.254
---------------------------------------------------------------------------------
---------------------------------------------------------------------------------
Finished RTL Optimization Phase 1 : Time (s): cpu = 00:00:06 ; elapsed = 00:00:06 . Memory (MB): peak = 1378.945 ; gain = 506.254
---------------------------------------------------------------------------------
Netlist sorting complete. Time (s): cpu = 00:00:00 ; elapsed = 00:00:00.004 . Memory (MB): peak = 1378.945 ; gain = 0.000
INFO: [Project 1-570] Preparing netlist for logic optimization

Processing XDC Constraints
Initializing timing engine
Parsing XDC File [c:/Maestria/carrier_recovery/carrier_recovery.gen/sources_1/ip/ram_atan/ram_atan/ram_atan_in_context.xdc] for cell 'u_phase_detector/u_ram_r'
Finished Parsing XDC File [c:/Maestria/carrier_recovery/carrier_recovery.gen/sources_1/ip/ram_atan/ram_atan/ram_atan_in_context.xdc] for cell 'u_phase_detector/u_ram_r'
Parsing XDC File [c:/Maestria/carrier_recovery/carrier_recovery.gen/sources_1/ip/ram_atan/ram_atan/ram_atan_in_context.xdc] for cell 'u_phase_detector/u_ram_a'
Finished Parsing XDC File [c:/Maestria/carrier_recovery/carrier_recovery.gen/sources_1/ip/ram_atan/ram_atan/ram_atan_in_context.xdc] for cell 'u_phase_detector/u_ram_a'
Parsing XDC File [c:/Maestria/carrier_recovery/carrier_recovery.gen/sources_1/ip/ram_sin/ram_sin/ram_sin_in_context.xdc] for cell 'u_cos_calc/u_sin_calc/u_ram_r'
Finished Parsing XDC File [c:/Maestria/carrier_recovery/carrier_recovery.gen/sources_1/ip/ram_sin/ram_sin/ram_sin_in_context.xdc] for cell 'u_cos_calc/u_sin_calc/u_ram_r'
Parsing XDC File [c:/Maestria/carrier_recovery/carrier_recovery.gen/sources_1/ip/ram_sin/ram_sin/ram_sin_in_context.xdc] for cell 'u_sin_calc/u_ram_r'
Finished Parsing XDC File [c:/Maestria/carrier_recovery/carrier_recovery.gen/sources_1/ip/ram_sin/ram_sin/ram_sin_in_context.xdc] for cell 'u_sin_calc/u_ram_r'
Parsing XDC File [C:/Maestria/DDA-2025/ProyectoFinal/RTL/carrier_recovery/carrier_recovery.xdc]
Finished Parsing XDC File [C:/Maestria/DDA-2025/ProyectoFinal/RTL/carrier_recovery/carrier_recovery.xdc]
INFO: [Project 1-236] Implementation specific constraints were found while reading constraint file [C:/Maestria/DDA-2025/ProyectoFinal/RTL/carrier_recovery/carrier_recovery.xdc]. These constraints will be ignored for synthesis but will be used in implementation. Impacted constraints are listed in the file [.Xil/carrier_recovery_propImpl.xdc].
Resolution: To avoid this warning, move constraints listed in [.Xil/carrier_recovery_propImpl.xdc] to another XDC file and exclude this new file from synthesis with the used_in_synthesis property (File Properties dialog in GUI) and re-run elaboration/synthesis.
Completed Processing XDC Constraints

Netlist sorting complete. Time (s): cpu = 00:00:00 ; elapsed = 00:00:00 . Memory (MB): peak = 1416.812 ; gain = 0.000
INFO: [Project 1-111] Unisim Transformation Summary:
No Unisim elements were transformed.

Constraint Validation Runtime : Time (s): cpu = 00:00:00 ; elapsed = 00:00:00.003 . Memory (MB): peak = 1416.812 ; gain = 0.000
INFO: [Designutils 20-5440] No compile time benefit to using incremental synthesis; A full resynthesis will be run
INFO: [Designutils 20-4379] Flow is switching to default flow due to incremental criteria not met. If you would like to alter this behaviour and have the flow terminate instead, please set the following parameter config_implementation {autoIncr.Synth.RejectBehavior Terminate}
---------------------------------------------------------------------------------
Finished Constraint Validation : Time (s): cpu = 00:00:11 ; elapsed = 00:00:12 . Memory (MB): peak = 1416.812 ; gain = 544.121
---------------------------------------------------------------------------------
---------------------------------------------------------------------------------
Start Loading Part and Timing Information
---------------------------------------------------------------------------------
Loading part: xc7a35ticsg324-1L
---------------------------------------------------------------------------------
Finished Loading Part and Timing Information : Time (s): cpu = 00:00:11 ; elapsed = 00:00:12 . Memory (MB): peak = 1416.812 ; gain = 544.121
---------------------------------------------------------------------------------
---------------------------------------------------------------------------------
Start Applying 'set_property' XDC Constraints
---------------------------------------------------------------------------------
Applied set_property KEEP_HIERARCHY = SOFT for u_phase_detector/u_ram_a. (constraint file  auto generated constraint).
Applied set_property KEEP_HIERARCHY = SOFT for u_phase_detector/u_ram_r. (constraint file  auto generated constraint).
Applied set_property KEEP_HIERARCHY = SOFT for u_cos_calc/u_sin_calc/u_ram_r. (constraint file  auto generated constraint).
Applied set_property KEEP_HIERARCHY = SOFT for u_sin_calc/u_ram_r. (constraint file  auto generated constraint).
---------------------------------------------------------------------------------
Finished applying 'set_property' XDC Constraints : Time (s): cpu = 00:00:12 ; elapsed = 00:00:12 . Memory (MB): peak = 1416.812 ; gain = 544.121
---------------------------------------------------------------------------------
---------------------------------------------------------------------------------
Finished RTL Optimization Phase 2 : Time (s): cpu = 00:00:12 ; elapsed = 00:00:12 . Memory (MB): peak = 1416.812 ; gain = 544.121
---------------------------------------------------------------------------------
---------------------------------------------------------------------------------
Start RTL Component Statistics 
---------------------------------------------------------------------------------
Detailed RTL Component Info : 
+---Adders : 
	   2 Input   32 Bit       Adders := 2     
	   2 Input   18 Bit       Adders := 2     
	   2 Input   15 Bit       Adders := 4     
	   2 Input   12 Bit       Adders := 2     
	   2 Input   11 Bit       Adders := 11    
	   3 Input   11 Bit       Adders := 1     
	   2 Input    9 Bit       Adders := 2     
	   2 Input    8 Bit       Adders := 5     
	   3 Input    8 Bit       Adders := 1     
+---Registers : 
	               11 Bit    Registers := 2     
	                1 Bit    Registers := 4     
+---Muxes : 
	   2 Input   11 Bit        Muxes := 9     
	   5 Input    8 Bit        Muxes := 2     
	   2 Input    8 Bit        Muxes := 4     
	   2 Input    7 Bit        Muxes := 4     
---------------------------------------------------------------------------------
Finished RTL Component Statistics 
---------------------------------------------------------------------------------
---------------------------------------------------------------------------------
Start Part Resource Summary
---------------------------------------------------------------------------------
Part Resources:
DSPs: 90 (col length:60)
BRAMs: 100 (col length: RAMB18 60 RAMB36 30)
---------------------------------------------------------------------------------
Finished Part Resource Summary
---------------------------------------------------------------------------------
---------------------------------------------------------------------------------
Start Cross Boundary and Area Optimization
---------------------------------------------------------------------------------
WARNING: [Synth 8-7080] Parallel synthesis criteria is not met
---------------------------------------------------------------------------------
Finished Cross Boundary and Area Optimization : Time (s): cpu = 00:00:15 ; elapsed = 00:00:15 . Memory (MB): peak = 1416.812 ; gain = 544.121
---------------------------------------------------------------------------------
---------------------------------------------------------------------------------
Start Applying XDC Timing Constraints
---------------------------------------------------------------------------------
---------------------------------------------------------------------------------
Finished Applying XDC Timing Constraints : Time (s): cpu = 00:00:19 ; elapsed = 00:00:19 . Memory (MB): peak = 1416.812 ; gain = 544.121
---------------------------------------------------------------------------------
---------------------------------------------------------------------------------
Start Timing Optimization
---------------------------------------------------------------------------------
---------------------------------------------------------------------------------
Finished Timing Optimization : Time (s): cpu = 00:00:20 ; elapsed = 00:00:20 . Memory (MB): peak = 1416.812 ; gain = 544.121
---------------------------------------------------------------------------------
---------------------------------------------------------------------------------
Start Technology Mapping
---------------------------------------------------------------------------------
---------------------------------------------------------------------------------
Finished Technology Mapping : Time (s): cpu = 00:00:20 ; elapsed = 00:00:20 . Memory (MB): peak = 1416.812 ; gain = 544.121
---------------------------------------------------------------------------------
---------------------------------------------------------------------------------
Start IO Insertion
---------------------------------------------------------------------------------
---------------------------------------------------------------------------------
Start Flattening Before IO Insertion
---------------------------------------------------------------------------------
---------------------------------------------------------------------------------
Finished Flattening Before IO Insertion
---------------------------------------------------------------------------------
---------------------------------------------------------------------------------
Start Final Netlist Cleanup
---------------------------------------------------------------------------------
---------------------------------------------------------------------------------
Finished Final Netlist Cleanup
---------------------------------------------------------------------------------
---------------------------------------------------------------------------------
Finished IO Insertion : Time (s): cpu = 00:00:23 ; elapsed = 00:00:24 . Memory (MB): peak = 1416.812 ; gain = 544.121
---------------------------------------------------------------------------------
---------------------------------------------------------------------------------
Start Renaming Generated Instances
---------------------------------------------------------------------------------
---------------------------------------------------------------------------------
Finished Renaming Generated Instances : Time (s): cpu = 00:00:23 ; elapsed = 00:00:24 . Memory (MB): peak = 1416.812 ; gain = 544.121
---------------------------------------------------------------------------------
---------------------------------------------------------------------------------
Start Rebuilding User Hierarchy
---------------------------------------------------------------------------------
---------------------------------------------------------------------------------
Finished Rebuilding User Hierarchy : Time (s): cpu = 00:00:23 ; elapsed = 00:00:24 . Memory (MB): peak = 1416.812 ; gain = 544.121
---------------------------------------------------------------------------------
---------------------------------------------------------------------------------
Start Renaming Generated Ports
---------------------------------------------------------------------------------
---------------------------------------------------------------------------------
Finished Renaming Generated Ports : Time (s): cpu = 00:00:23 ; elapsed = 00:00:24 . Memory (MB): peak = 1416.812 ; gain = 544.121
---------------------------------------------------------------------------------
---------------------------------------------------------------------------------
Start Handling Custom Attributes
---------------------------------------------------------------------------------
---------------------------------------------------------------------------------
Finished Handling Custom Attributes : Time (s): cpu = 00:00:23 ; elapsed = 00:00:24 . Memory (MB): peak = 1416.812 ; gain = 544.121
---------------------------------------------------------------------------------
---------------------------------------------------------------------------------
Start Renaming Generated Nets
---------------------------------------------------------------------------------
---------------------------------------------------------------------------------
Finished Renaming Generated Nets : Time (s): cpu = 00:00:23 ; elapsed = 00:00:24 . Memory (MB): peak = 1416.812 ; gain = 544.121
---------------------------------------------------------------------------------
---------------------------------------------------------------------------------
Start Writing Synthesis Report
---------------------------------------------------------------------------------

Report BlackBoxes: 
+------+--------------+----------+
|      |BlackBox name |Instances |
+------+--------------+----------+
|1     |ram_sin       |         2|
|2     |ram_atan      |         2|
+------+--------------+----------+

Report Cell Usage: 
+------+---------+------+
|      |Cell     |Count |
+------+---------+------+
|1     |ram_atan |     2|
|3     |ram_sin  |     2|
|5     |BUFG     |     1|
|6     |CARRY4   |   105|
|7     |LUT1     |    56|
|8     |LUT2     |   189|
|9     |LUT3     |    41|
|10    |LUT4     |   123|
|11    |LUT5     |    63|
|12    |LUT6     |   171|
|13    |FDCE     |    24|
|14    |IBUF     |    18|
|15    |OBUF     |    16|
+------+---------+------+
---------------------------------------------------------------------------------
Finished Writing Synthesis Report : Time (s): cpu = 00:00:23 ; elapsed = 00:00:24 . Memory (MB): peak = 1416.812 ; gain = 544.121
---------------------------------------------------------------------------------
Synthesis finished with 0 errors, 0 critical warnings and 1 warnings.
Synthesis Optimization Runtime : Time (s): cpu = 00:00:16 ; elapsed = 00:00:22 . Memory (MB): peak = 1416.812 ; gain = 506.254
Synthesis Optimization Complete : Time (s): cpu = 00:00:23 ; elapsed = 00:00:24 . Memory (MB): peak = 1416.812 ; gain = 544.121
INFO: [Project 1-571] Translating synthesized netlist
Netlist sorting complete. Time (s): cpu = 00:00:00 ; elapsed = 00:00:00.011 . Memory (MB): peak = 1416.812 ; gain = 0.000
INFO: [Netlist 29-17] Analyzing 105 Unisim elements for replacement
INFO: [Netlist 29-28] Unisim Transformation completed in 0 CPU seconds
INFO: [Project 1-570] Preparing netlist for logic optimization
INFO: [Opt 31-138] Pushed 0 inverter(s) to 0 load pin(s).
Netlist sorting complete. Time (s): cpu = 00:00:00 ; elapsed = 00:00:00 . Memory (MB): peak = 1418.031 ; gain = 0.000
INFO: [Project 1-111] Unisim Transformation Summary:
No Unisim elements were transformed.

Synth Design complete | Checksum: d58f039c
INFO: [Common 17-83] Releasing license: Synthesis
45 Infos, 3 Warnings, 0 Critical Warnings and 0 Errors encountered.
synth_design completed successfully
synth_design: Time (s): cpu = 00:00:26 ; elapsed = 00:00:28 . Memory (MB): peak = 1418.031 ; gain = 924.750
INFO: [Common 17-1381] The checkpoint 'C:/Maestria/carrier_recovery/carrier_recovery.runs/synth_1/carrier_recovery.dcp' has been generated.
INFO: [runtcl-4] Executing : report_utilization -file carrier_recovery_utilization_synth.rpt -pb carrier_recovery_utilization_synth.pb
INFO: [Common 17-206] Exiting Vivado at Wed May 21 11:18:57 2025...
