#-----------------------------------------------------------
# Vivado v2023.1 (64-bit)
# SW Build 3865809 on Sun May  7 15:05:29 MDT 2023
# IP Build 3864474 on Sun May  7 20:36:21 MDT 2023
# SharedData Build 3865790 on Sun May 07 13:33:03 MDT 2023
# Start of session at: Tue Apr 29 23:23:39 2025
# Process ID: 8760
# Current directory: C:/Maestria/DDA-2025/carrier_recovery
# Command line: vivado.exe -gui_launcher_event rodinguilauncherevent32460 C:\Maestria\DDA-2025\carrier_recovery\carrier_recovery.xpr
# Log file: C:/Maestria/DDA-2025/carrier_recovery/vivado.log
# Journal file: C:/Maestria/DDA-2025/carrier_recovery\vivado.jou
# Running On: IBALBO_CELERO, OS: Windows, CPU Frequency: 2688 MHz, CPU Physical cores: 10, Host memory: 34000 MB
#-----------------------------------------------------------
start_gui
open_project C:/Maestria/DDA-2025/carrier_recovery/carrier_recovery.xpr
update_compile_order -fileset sources_1
launch_simulation
open_wave_config C:/Maestria/DDA-2025/carrier_recovery/carrier_recovery_tb_behav.wcfg
open_wave_config C:/Maestria/DDA-2025/carrier_recovery/carrier_recovery_tb_behav1.wcfg
source carrier_recovery_tb.tcl
relaunch_sim
relaunch_sim
close_sim
update_compile_order -fileset sources_1
