#-----------------------------------------------------------
# Vivado v2023.1 (64-bit)
# SW Build 3865809 on Sun May  7 15:05:29 MDT 2023
# IP Build 3864474 on Sun May  7 20:36:21 MDT 2023
# SharedData Build 3865790 on Sun May 07 13:33:03 MDT 2023
# Start of session at: Tue Apr 29 23:23:39 2025
# Process ID: 8760
# Current directory: C:/Maestria/DDA-2025/carrier_recovery
# Command line: vivado.exe -gui_launcher_event rodinguilauncherevent32460 C:\Maestria\DDA-2025\carrier_recovery\carrier_recovery.xpr
# Log file: C:/Maestria/DDA-2025/carrier_recovery/vivado.log
# Journal file: C:/Maestria/DDA-2025/carrier_recovery\vivado.jou
# Running On: IBALBO_CELERO, OS: Windows, CPU Frequency: 2688 MHz, CPU Physical cores: 10, Host memory: 34000 MB
#-----------------------------------------------------------
start_gui
open_project C:/Maestria/DDA-2025/carrier_recovery/carrier_recovery.xpr
WARNING: [Board 49-26] cannot add Board Part xilinx.com:k26c:part0:1.2 available at C:/Xilinx/Vivado/2023.1/data/xhub/boards/XilinxBoardStore/boards/Xilinx/k26c/1.2/board.xml as part xck26-sfvc784-2lv-c specified in board_part file is either invalid or not available
WARNING: [Board 49-26] cannot add Board Part xilinx.com:k26c:part0:1.3 available at C:/Xilinx/Vivado/2023.1/data/xhub/boards/XilinxBoardStore/boards/Xilinx/k26c/1.3/board.xml as part xck26-sfvc784-2lv-c specified in board_part file is either invalid or not available
WARNING: [Board 49-26] cannot add Board Part xilinx.com:k26c:part0:1.4 available at C:/Xilinx/Vivado/2023.1/data/xhub/boards/XilinxBoardStore/boards/Xilinx/k26c/1.4/board.xml as part xck26-sfvc784-2lv-c specified in board_part file is either invalid or not available
WARNING: [Board 49-26] cannot add Board Part xilinx.com:k26i:part0:1.2 available at C:/Xilinx/Vivado/2023.1/data/xhub/boards/XilinxBoardStore/boards/Xilinx/k26i/1.2/board.xml as part xck26-sfvc784-2lvi-i specified in board_part file is either invalid or not available
WARNING: [Board 49-26] cannot add Board Part xilinx.com:k26i:part0:1.3 available at C:/Xilinx/Vivado/2023.1/data/xhub/boards/XilinxBoardStore/boards/Xilinx/k26i/1.3/board.xml as part xck26-sfvc784-2lvi-i specified in board_part file is either invalid or not available
WARNING: [Board 49-26] cannot add Board Part xilinx.com:k26i:part0:1.4 available at C:/Xilinx/Vivado/2023.1/data/xhub/boards/XilinxBoardStore/boards/Xilinx/k26i/1.4/board.xml as part xck26-sfvc784-2lvi-i specified in board_part file is either invalid or not available
WARNING: [Board 49-26] cannot add Board Part xilinx.com:kc705:part0:1.6 available at C:/Xilinx/Vivado/2023.1/data/xhub/boards/XilinxBoardStore/boards/Xilinx/kc705/1.6/board.xml as part xc7k325tffg900-2 specified in board_part file is either invalid or not available
WARNING: [Board 49-26] cannot add Board Part xilinx.com:kcu105:part0:1.6 available at C:/Xilinx/Vivado/2023.1/data/xhub/boards/XilinxBoardStore/boards/Xilinx/kcu105/1.6/board.xml as part xcku040-ffva1156-2-e specified in board_part file is either invalid or not available
WARNING: [Board 49-26] cannot add Board Part xilinx.com:kcu105:part0:1.7 available at C:/Xilinx/Vivado/2023.1/data/xhub/boards/XilinxBoardStore/boards/Xilinx/kcu105/1.7/board.xml as part xcku040-ffva1156-2-e specified in board_part file is either invalid or not available
WARNING: [Board 49-26] cannot add Board Part xilinx.com:kcu116:part0:1.4 available at C:/Xilinx/Vivado/2023.1/data/xhub/boards/XilinxBoardStore/boards/Xilinx/kcu116/1.4/board.xml as part xcku5p-ffvb676-2-e specified in board_part file is either invalid or not available
WARNING: [Board 49-26] cannot add Board Part xilinx.com:kcu116:part0:1.5 available at C:/Xilinx/Vivado/2023.1/data/xhub/boards/XilinxBoardStore/boards/Xilinx/kcu116/1.5/board.xml as part xcku5p-ffvb676-2-e specified in board_part file is either invalid or not available
WARNING: [Board 49-26] cannot add Board Part xilinx.com:kcu1500:part0:1.2 available at C:/Xilinx/Vivado/2023.1/data/xhub/boards/XilinxBoardStore/boards/Xilinx/kcu1500/1.2/board.xml as part xcku115-flvb2104-2-e specified in board_part file is either invalid or not available
WARNING: [Board 49-26] cannot add Board Part xilinx.com:kr260_som:part0:1.0 available at C:/Xilinx/Vivado/2023.1/data/xhub/boards/XilinxBoardStore/boards/Xilinx/kr260_som/1.0/board.xml as part xck26-sfvc784-2lv-c specified in board_part file is either invalid or not available
WARNING: [Board 49-26] cannot add Board Part xilinx.com:kr260_som:part0:1.1 available at C:/Xilinx/Vivado/2023.1/data/xhub/boards/XilinxBoardStore/boards/Xilinx/kr260_som/1.1/board.xml as part xck26-sfvc784-2lv-c specified in board_part file is either invalid or not available
WARNING: [Board 49-26] cannot add Board Part xilinx.com:kv260_som:part0:1.2 available at C:/Xilinx/Vivado/2023.1/data/xhub/boards/XilinxBoardStore/boards/Xilinx/kv260_som/1.2/board.xml as part xck26-sfvc784-2lv-c specified in board_part file is either invalid or not available
WARNING: [Board 49-26] cannot add Board Part xilinx.com:kv260_som:part0:1.3 available at C:/Xilinx/Vivado/2023.1/data/xhub/boards/XilinxBoardStore/boards/Xilinx/kv260_som/1.3/board.xml as part xck26-sfvc784-2lv-c specified in board_part file is either invalid or not available
WARNING: [Board 49-26] cannot add Board Part xilinx.com:kv260_som:part0:1.4 available at C:/Xilinx/Vivado/2023.1/data/xhub/boards/XilinxBoardStore/boards/Xilinx/kv260_som/1.4/board.xml as part xck26-sfvc784-2lv-c specified in board_part file is either invalid or not available
WARNING: [Board 49-26] cannot add Board Part xilinx.com:sp701:part0:1.0 available at C:/Xilinx/Vivado/2023.1/data/xhub/boards/XilinxBoardStore/boards/Xilinx/sp701/1.0/board.xml as part xc7s100fgga676-2 specified in board_part file is either invalid or not available
WARNING: [Board 49-26] cannot add Board Part xilinx.com:sp701:part0:1.1 available at C:/Xilinx/Vivado/2023.1/data/xhub/boards/XilinxBoardStore/boards/Xilinx/sp701/1.1/board.xml as part xc7s100fgga676-2 specified in board_part file is either invalid or not available
WARNING: [Board 49-26] cannot add Board Part xilinx.com:vc707:part0:1.4 available at C:/Xilinx/Vivado/2023.1/data/xhub/boards/XilinxBoardStore/boards/Xilinx/vc707/1.4/board.xml as part xc7vx485tffg1761-2 specified in board_part file is either invalid or not available
WARNING: [Board 49-26] cannot add Board Part xilinx.com:vc709:part0:1.8 available at C:/Xilinx/Vivado/2023.1/data/xhub/boards/XilinxBoardStore/boards/Xilinx/vc709/1.8/board.xml as part xc7vx690tffg1761-2 specified in board_part file is either invalid or not available
WARNING: [Board 49-26] cannot add Board Part xilinx.com:vck190:part0:2.2 available at C:/Xilinx/Vivado/2023.1/data/xhub/boards/XilinxBoardStore/boards/Xilinx/vck190/production/2.2/board.xml as part xcvc1902-vsva2197-2mp-e-s specified in board_part file is either invalid or not available
WARNING: [Board 49-26] cannot add Board Part xilinx.com:vck190:part0:3.0 available at C:/Xilinx/Vivado/2023.1/data/xhub/boards/XilinxBoardStore/boards/Xilinx/vck190/production/3.0/board.xml as part xcvc1902-vsva2197-2mp-e-s specified in board_part file is either invalid or not available
WARNING: [Board 49-26] cannot add Board Part xilinx.com:vck190:part0:3.1 available at C:/Xilinx/Vivado/2023.1/data/xhub/boards/XilinxBoardStore/boards/Xilinx/vck190/production/3.1/board.xml as part xcvc1902-vsva2197-2mp-e-s specified in board_part file is either invalid or not available
WARNING: [Board 49-26] cannot add Board Part xilinx.com:vck190:part0:3.2 available at C:/Xilinx/Vivado/2023.1/data/xhub/boards/XilinxBoardStore/boards/Xilinx/vck190/production/3.2/board.xml as part xcvc1902-vsva2197-2mp-e-s specified in board_part file is either invalid or not available
WARNING: [Board 49-26] cannot add Board Part xilinx.com:vck190_newl:part0:1.0 available at C:/Xilinx/Vivado/2023.1/data/xhub/boards/XilinxBoardStore/boards/Xilinx/vck190_newl/production/1.0/board.xml as part xcvc1902-vsva2197-2mp-e-s specified in board_part file is either invalid or not available
WARNING: [Board 49-26] cannot add Board Part xilinx.com:vck190_newl:part0:1.1 available at C:/Xilinx/Vivado/2023.1/data/xhub/boards/XilinxBoardStore/boards/Xilinx/vck190_newl/production/1.1/board.xml as part xcvc1902-vsva2197-2mp-e-s specified in board_part file is either invalid or not available
WARNING: [Board 49-26] cannot add Board Part xilinx.com:vcu108:part0:1.6 available at C:/Xilinx/Vivado/2023.1/data/xhub/boards/XilinxBoardStore/boards/Xilinx/vcu108/1.6/board.xml as part xcvu095-ffva2104-2-e specified in board_part file is either invalid or not available
WARNING: [Board 49-26] cannot add Board Part xilinx.com:vcu108:part0:1.7 available at C:/Xilinx/Vivado/2023.1/data/xhub/boards/XilinxBoardStore/boards/Xilinx/vcu108/1.7/board.xml as part xcvu095-ffva2104-2-e specified in board_part file is either invalid or not available
WARNING: [Board 49-26] cannot add Board Part xilinx.com:vcu110:part0:1.4 available at C:/Xilinx/Vivado/2023.1/data/xhub/boards/XilinxBoardStore/boards/Xilinx/vcu110/1.4/board.xml as part xcvu190-flgc2104-2-e specified in board_part file is either invalid or not available
WARNING: [Board 49-26] cannot add Board Part xilinx.com:vcu118:part0:2.0 available at C:/Xilinx/Vivado/2023.1/data/xhub/boards/XilinxBoardStore/boards/Xilinx/vcu118/2.0/board.xml as part xcvu9p-flga2104-2l-e specified in board_part file is either invalid or not available
WARNING: [Board 49-26] cannot add Board Part xilinx.com:vcu118:part0:2.3 available at C:/Xilinx/Vivado/2023.1/data/xhub/boards/XilinxBoardStore/boards/Xilinx/vcu118/2.3/board.xml as part xcvu9p-flga2104-2l-e specified in board_part file is either invalid or not available
WARNING: [Board 49-26] cannot add Board Part xilinx.com:vcu118:part0:2.4 available at C:/Xilinx/Vivado/2023.1/data/xhub/boards/XilinxBoardStore/boards/Xilinx/vcu118/2.4/board.xml as part xcvu9p-flga2104-2l-e specified in board_part file is either invalid or not available
WARNING: [Board 49-26] cannot add Board Part xilinx.com:vcu128:part0:1.0 available at C:/Xilinx/Vivado/2023.1/data/xhub/boards/XilinxBoardStore/boards/Xilinx/vcu128/production/1.0/board.xml as part xcvu37p-fsvh2892-2l-e specified in board_part file is either invalid or not available
WARNING: [Board 49-26] cannot add Board Part xilinx.com:vcu129:part0:1.0 available at C:/Xilinx/Vivado/2023.1/data/xhub/boards/XilinxBoardStore/boards/Xilinx/vcu129/production/1.0/board.xml as part xcvu29p-fsga2577-2l-e specified in board_part file is either invalid or not available
WARNING: [Board 49-26] cannot add Board Part xilinx.com:vcu1525:part0:1.3 available at C:/Xilinx/Vivado/2023.1/data/xhub/boards/XilinxBoardStore/boards/Xilinx/vcu1525/1.3/board.xml as part xcvu9p-fsgd2104-2l-e specified in board_part file is either invalid or not available
WARNING: [Board 49-26] cannot add Board Part xilinx.com:vek280_es:part0:1.0 available at C:/Xilinx/Vivado/2023.1/data/xhub/boards/XilinxBoardStore/boards/Xilinx/vek280/es/rev_a/1.0/board.xml as part xcve2802-vsvh1760-2lp-e-s-es1 specified in board_part file is either invalid or not available
WARNING: [Board 49-26] cannot add Board Part xilinx.com:vek280_es:part0:1.1 available at C:/Xilinx/Vivado/2023.1/data/xhub/boards/XilinxBoardStore/boards/Xilinx/vek280/es/rev_a/1.1/board.xml as part xcve2802-vsvh1760-2lp-e-s-es1 specified in board_part file is either invalid or not available
WARNING: [Board 49-26] cannot add Board Part xilinx.com:vek280_es_revb:part0:1.0 available at C:/Xilinx/Vivado/2023.1/data/xhub/boards/XilinxBoardStore/boards/Xilinx/vek280/es/rev_b/1.0/board.xml as part xcve2802-vsvh1760-2mp-e-s-es1 specified in board_part file is either invalid or not available
WARNING: [Board 49-26] cannot add Board Part xilinx.com:vek280_es_revb:part0:1.1 available at C:/Xilinx/Vivado/2023.1/data/xhub/boards/XilinxBoardStore/boards/Xilinx/vek280/es/rev_b/1.1/board.xml as part xcve2802-vsvh1760-2mp-e-s-es1 specified in board_part file is either invalid or not available
WARNING: [Board 49-26] cannot add Board Part xilinx.com:vermeo_t1_mpsoc:part0:1.0 available at C:/Xilinx/Vivado/2023.1/data/xhub/boards/XilinxBoardStore/boards/Xilinx/vermeo_t1_mpsoc/1.0/board.xml as part xczu19eg-ffvd1760-2l-e specified in board_part file is either invalid or not available
WARNING: [Board 49-26] cannot add Board Part xilinx.com:vermeo_t1_rfsoc:part0:1.0 available at C:/Xilinx/Vivado/2023.1/data/xhub/boards/XilinxBoardStore/boards/Xilinx/vermeo_t1_rfsoc/1.0/board.xml as part xczu21dr-ffvd1156-2l-e specified in board_part file is either invalid or not available
WARNING: [Board 49-26] cannot add Board Part xilinx.com:vhk158:part0:1.0 available at C:/Xilinx/Vivado/2023.1/data/xhub/boards/XilinxBoardStore/boards/Xilinx/vhk158/production/1.0/board.xml as part xcvh1582-vsva3697-2mp-e-s specified in board_part file is either invalid or not available
WARNING: [Board 49-26] cannot add Board Part xilinx.com:vhk158_es:part0:1.0 available at C:/Xilinx/Vivado/2023.1/data/xhub/boards/XilinxBoardStore/boards/Xilinx/vhk158/es/1.0/board.xml as part xcvh1582-vsva3697-2mp-e-s-es1 specified in board_part file is either invalid or not available
WARNING: [Board 49-26] cannot add Board Part xilinx.com:vhk158_es:part0:1.1 available at C:/Xilinx/Vivado/2023.1/data/xhub/boards/XilinxBoardStore/boards/Xilinx/vhk158/es/1.1/board.xml as part xcvh1582-vsva3697-2mp-e-s-es1 specified in board_part file is either invalid or not available
WARNING: [Board 49-26] cannot add Board Part xilinx.com:vmk180:part0:2.2 available at C:/Xilinx/Vivado/2023.1/data/xhub/boards/XilinxBoardStore/boards/Xilinx/vmk180/production/2.2/board.xml as part xcvm1802-vsva2197-2mp-e-s specified in board_part file is either invalid or not available
WARNING: [Board 49-26] cannot add Board Part xilinx.com:vmk180:part0:3.0 available at C:/Xilinx/Vivado/2023.1/data/xhub/boards/XilinxBoardStore/boards/Xilinx/vmk180/production/3.0/board.xml as part xcvm1802-vsva2197-2mp-e-s specified in board_part file is either invalid or not available
WARNING: [Board 49-26] cannot add Board Part xilinx.com:vmk180:part0:3.1 available at C:/Xilinx/Vivado/2023.1/data/xhub/boards/XilinxBoardStore/boards/Xilinx/vmk180/production/3.1/board.xml as part xcvm1802-vsva2197-2mp-e-s specified in board_part file is either invalid or not available
WARNING: [Board 49-26] cannot add Board Part xilinx.com:vmk180:part0:3.2 available at C:/Xilinx/Vivado/2023.1/data/xhub/boards/XilinxBoardStore/boards/Xilinx/vmk180/production/3.2/board.xml as part xcvm1802-vsva2197-2mp-e-s specified in board_part file is either invalid or not available
WARNING: [Board 49-26] cannot add Board Part xilinx.com:vmk180_newl:part0:1.0 available at C:/Xilinx/Vivado/2023.1/data/xhub/boards/XilinxBoardStore/boards/Xilinx/vmk180_newl/production/1.0/board.xml as part xcvm1802-vsva2197-2mp-e-s specified in board_part file is either invalid or not available
WARNING: [Board 49-26] cannot add Board Part xilinx.com:vmk180_newl:part0:1.1 available at C:/Xilinx/Vivado/2023.1/data/xhub/boards/XilinxBoardStore/boards/Xilinx/vmk180_newl/production/1.1/board.xml as part xcvm1802-vsva2197-2mp-e-s specified in board_part file is either invalid or not available
WARNING: [Board 49-26] cannot add Board Part xilinx.com:vpk120:part0:1.0 available at C:/Xilinx/Vivado/2023.1/data/xhub/boards/XilinxBoardStore/boards/Xilinx/vpk120/production/1.0/board.xml as part xcvp1202-vsva2785-2mp-e-s specified in board_part file is either invalid or not available
WARNING: [Board 49-26] cannot add Board Part xilinx.com:vpk120:part0:1.1 available at C:/Xilinx/Vivado/2023.1/data/xhub/boards/XilinxBoardStore/boards/Xilinx/vpk120/production/1.1/board.xml as part xcvp1202-vsva2785-2mp-e-s specified in board_part file is either invalid or not available
WARNING: [Board 49-26] cannot add Board Part xilinx.com:vpk120_es:part0:1.2 available at C:/Xilinx/Vivado/2023.1/data/xhub/boards/XilinxBoardStore/boards/Xilinx/vpk120/es/1.2/board.xml as part xcvp1202-vsva2785-2mp-e-s-es1 specified in board_part file is either invalid or not available
WARNING: [Board 49-26] cannot add Board Part xilinx.com:vpk120_es:part0:1.3 available at C:/Xilinx/Vivado/2023.1/data/xhub/boards/XilinxBoardStore/boards/Xilinx/vpk120/es/1.3/board.xml as part xcvp1202-vsva2785-2mp-e-s-es1 specified in board_part file is either invalid or not available
WARNING: [Board 49-26] cannot add Board Part xilinx.com:vpk120_es_revb:part0:1.0 available at C:/Xilinx/Vivado/2023.1/data/xhub/boards/XilinxBoardStore/boards/Xilinx/vpk120_revb/es/1.0/board.xml as part xcvp1202-vsva2785-2mp-e-s-es1 specified in board_part file is either invalid or not available
WARNING: [Board 49-26] cannot add Board Part xilinx.com:vpk120_es_revb:part0:1.1 available at C:/Xilinx/Vivado/2023.1/data/xhub/boards/XilinxBoardStore/boards/Xilinx/vpk120_revb/es/1.1/board.xml as part xcvp1202-vsva2785-2mp-e-s-es1 specified in board_part file is either invalid or not available
WARNING: [Board 49-26] cannot add Board Part xilinx.com:vpk180:part0:1.0 available at C:/Xilinx/Vivado/2023.1/data/xhub/boards/XilinxBoardStore/boards/Xilinx/vpk180/production/1.0/board.xml as part xcvp1802-lsvc4072-2mp-e-s specified in board_part file is either invalid or not available
WARNING: [Board 49-26] cannot add Board Part xilinx.com:vpk180:part0:1.1 available at C:/Xilinx/Vivado/2023.1/data/xhub/boards/XilinxBoardStore/boards/Xilinx/vpk180/production/1.1/board.xml as part xcvp1802-lsvc4072-2mp-e-s specified in board_part file is either invalid or not available
WARNING: [Board 49-26] cannot add Board Part xilinx.com:vpk180_es:part0:1.0 available at C:/Xilinx/Vivado/2023.1/data/xhub/boards/XilinxBoardStore/boards/Xilinx/vpk180/es/1.0/board.xml as part xcvp1802-lsvc4072-2mp-e-s-es1 specified in board_part file is either invalid or not available
WARNING: [Board 49-26] cannot add Board Part xilinx.com:vpk180_es:part0:1.1 available at C:/Xilinx/Vivado/2023.1/data/xhub/boards/XilinxBoardStore/boards/Xilinx/vpk180/es/1.1/board.xml as part xcvp1802-lsvc4072-2mp-e-s-es1 specified in board_part file is either invalid or not available
WARNING: [Board 49-26] cannot add Board Part xilinx.com:zc702:part0:1.4 available at C:/Xilinx/Vivado/2023.1/data/xhub/boards/XilinxBoardStore/boards/Xilinx/zc702/1.4/board.xml as part xc7z020clg484-1 specified in board_part file is either invalid or not available
WARNING: [Board 49-26] cannot add Board Part xilinx.com:zc706:part0:1.4 available at C:/Xilinx/Vivado/2023.1/data/xhub/boards/XilinxBoardStore/boards/Xilinx/zc706/1.4/board.xml as part xc7z045ffg900-2 specified in board_part file is either invalid or not available
WARNING: [Board 49-26] cannot add Board Part xilinx.com:zcu102:part0:3.3 available at C:/Xilinx/Vivado/2023.1/data/xhub/boards/XilinxBoardStore/boards/Xilinx/zcu102/3.3/board.xml as part xczu9eg-ffvb1156-2-e specified in board_part file is either invalid or not available
WARNING: [Board 49-26] cannot add Board Part xilinx.com:zcu102:part0:3.4 available at C:/Xilinx/Vivado/2023.1/data/xhub/boards/XilinxBoardStore/boards/Xilinx/zcu102/3.4/board.xml as part xczu9eg-ffvb1156-2-e specified in board_part file is either invalid or not available
WARNING: [Board 49-26] cannot add Board Part xilinx.com:zcu104:part0:1.1 available at C:/Xilinx/Vivado/2023.1/data/xhub/boards/XilinxBoardStore/boards/Xilinx/zcu104/1.1/board.xml as part xczu7ev-ffvc1156-2-e specified in board_part file is either invalid or not available
WARNING: [Board 49-26] cannot add Board Part xilinx.com:zcu106:part0:2.4 available at C:/Xilinx/Vivado/2023.1/data/xhub/boards/XilinxBoardStore/boards/Xilinx/zcu106/2.4/board.xml as part xczu7ev-ffvc1156-2-e specified in board_part file is either invalid or not available
WARNING: [Board 49-26] cannot add Board Part xilinx.com:zcu106:part0:2.5 available at C:/Xilinx/Vivado/2023.1/data/xhub/boards/XilinxBoardStore/boards/Xilinx/zcu106/2.5/board.xml as part xczu7ev-ffvc1156-2-e specified in board_part file is either invalid or not available
WARNING: [Board 49-26] cannot add Board Part xilinx.com:zcu106:part0:2.6 available at C:/Xilinx/Vivado/2023.1/data/xhub/boards/XilinxBoardStore/boards/Xilinx/zcu106/2.6/board.xml as part xczu7ev-ffvc1156-2-e specified in board_part file is either invalid or not available
WARNING: [Board 49-26] cannot add Board Part xilinx.com:zcu111:part0:1.2 available at C:/Xilinx/Vivado/2023.1/data/xhub/boards/XilinxBoardStore/boards/Xilinx/zcu111/1.2/board.xml as part xczu28dr-ffvg1517-2-e specified in board_part file is either invalid or not available
WARNING: [Board 49-26] cannot add Board Part xilinx.com:zcu111:part0:1.3 available at C:/Xilinx/Vivado/2023.1/data/xhub/boards/XilinxBoardStore/boards/Xilinx/zcu111/1.3/board.xml as part xczu28dr-ffvg1517-2-e specified in board_part file is either invalid or not available
WARNING: [Board 49-26] cannot add Board Part xilinx.com:zcu111:part0:1.4 available at C:/Xilinx/Vivado/2023.1/data/xhub/boards/XilinxBoardStore/boards/Xilinx/zcu111/1.4/board.xml as part xczu28dr-ffvg1517-2-e specified in board_part file is either invalid or not available
WARNING: [Board 49-26] cannot add Board Part xilinx.com:zcu1275:part0:1.0 available at C:/Xilinx/Vivado/2023.1/data/xhub/boards/XilinxBoardStore/boards/Xilinx/zcu1275/1.0/board.xml as part xczu29dr-ffvf1760-2-e specified in board_part file is either invalid or not available
WARNING: [Board 49-26] cannot add Board Part xilinx.com:zcu1285:part0:1.0 available at C:/Xilinx/Vivado/2023.1/data/xhub/boards/XilinxBoardStore/boards/Xilinx/zcu1285/1.0/board.xml as part xczu39dr-ffvf1760-2-i specified in board_part file is either invalid or not available
WARNING: [Board 49-26] cannot add Board Part xilinx.com:zcu208:part0:2.0 available at C:/Xilinx/Vivado/2023.1/data/xhub/boards/XilinxBoardStore/boards/Xilinx/zcu208/production/2.0/board.xml as part xczu48dr-fsvg1517-2-e specified in board_part file is either invalid or not available
WARNING: [Board 49-26] cannot add Board Part xilinx.com:zcu208ld:part0:2.0 available at C:/Xilinx/Vivado/2023.1/data/xhub/boards/XilinxBoardStore/boards/Xilinx/zcu208ld/production/2.0/board.xml as part xczu58dr-fsvg1517-2-i specified in board_part file is either invalid or not available
WARNING: [Board 49-26] cannot add Board Part xilinx.com:zcu216:part0:2.0 available at C:/Xilinx/Vivado/2023.1/data/xhub/boards/XilinxBoardStore/boards/Xilinx/zcu216/production/2.0/board.xml as part xczu49dr-ffvf1760-2-e specified in board_part file is either invalid or not available
WARNING: [Board 49-26] cannot add Board Part xilinx.com:zcu216ld:part0:2.0 available at C:/Xilinx/Vivado/2023.1/data/xhub/boards/XilinxBoardStore/boards/Xilinx/zcu216ld/production/2.0/board.xml as part xczu59dr-ffvf1760-2-i specified in board_part file is either invalid or not available
WARNING: [Board 49-26] cannot add Board Part xilinx.com:zcu670:part0:2.0 available at C:/Xilinx/Vivado/2023.1/data/xhub/boards/XilinxBoardStore/boards/Xilinx/zcu670/2.0/board.xml as part xczu67dr-fsve1156-2-i specified in board_part file is either invalid or not available
WARNING: [Board 49-26] cannot add Board Part xilinx.com:zcu670ld:part0:1.0 available at C:/Xilinx/Vivado/2023.1/data/xhub/boards/XilinxBoardStore/boards/Xilinx/zcu670ld/1.0/board.xml as part xczu57dr-fsve1156-2-i specified in board_part file is either invalid or not available
INFO: [Project 1-313] Project file moved from 'C:/Maestria/carrier_recovery' since last save.
INFO: [filemgmt 56-3] Default IP Output Path : Could not find the directory 'C:/Maestria/DDA-2025/carrier_recovery/carrier_recovery.gen/sources_1'.
WARNING: [Project 1-312] File not found as 'C:/Maestria/DDA-2025/DDA-2025/ProyectoFinal/RTL/complex_multiplication/complex_multiplication.v'; using path 'C:/Maestria/DDA-2025/ProyectoFinal/RTL/complex_multiplication/complex_multiplication.v' instead.
WARNING: [Project 1-312] File not found as 'C:/Maestria/DDA-2025/DDA-2025/ProyectoFinal/RTL/cos_calc/cos_calc.v'; using path 'C:/Maestria/DDA-2025/ProyectoFinal/RTL/cos_calc/cos_calc.v' instead.
WARNING: [Project 1-312] File not found as 'C:/Maestria/DDA-2025/DDA-2025/ProyectoFinal/RTL/loop_filter/loop_filter.v'; using path 'C:/Maestria/DDA-2025/ProyectoFinal/RTL/loop_filter/loop_filter.v' instead.
WARNING: [Project 1-312] File not found as 'C:/Maestria/DDA-2025/DDA-2025/ProyectoFinal/RTL/div_lut/lut_atan_full.v'; using path 'C:/Maestria/DDA-2025/ProyectoFinal/RTL/div_lut/lut_atan_full.v' instead.
WARNING: [Project 1-312] File not found as 'C:/Maestria/DDA-2025/DDA-2025/ProyectoFinal/RTL/sin_lut/lut_sin.v'; using path 'C:/Maestria/DDA-2025/ProyectoFinal/RTL/sin_lut/lut_sin.v' instead.
WARNING: [Project 1-312] File not found as 'C:/Maestria/DDA-2025/DDA-2025/ProyectoFinal/RTL/phase_detector/phase_detector.v'; using path 'C:/Maestria/DDA-2025/ProyectoFinal/RTL/phase_detector/phase_detector.v' instead.
WARNING: [Project 1-312] File not found as 'C:/Maestria/DDA-2025/DDA-2025/Basic_Modules/rounding.v'; using path 'C:/Maestria/DDA-2025/Basic_Modules/rounding.v' instead.
WARNING: [Project 1-312] File not found as 'C:/Maestria/DDA-2025/DDA-2025/ProyectoFinal/RTL/sin_calc/sin_calc.v'; using path 'C:/Maestria/DDA-2025/ProyectoFinal/RTL/sin_calc/sin_calc.v' instead.
WARNING: [Project 1-312] File not found as 'C:/Maestria/DDA-2025/DDA-2025/ProyectoFinal/RTL/slicer/slicer.v'; using path 'C:/Maestria/DDA-2025/ProyectoFinal/RTL/slicer/slicer.v' instead.
WARNING: [Project 1-312] File not found as 'C:/Maestria/DDA-2025/DDA-2025/ProyectoFinal/RTL/vco/vco.v'; using path 'C:/Maestria/DDA-2025/ProyectoFinal/RTL/vco/vco.v' instead.
WARNING: [Project 1-312] File not found as 'C:/Maestria/DDA-2025/DDA-2025/ProyectoFinal/RTL/carrier_recovery/carrier_recovery.v'; using path 'C:/Maestria/DDA-2025/ProyectoFinal/RTL/carrier_recovery/carrier_recovery.v' instead.
WARNING: [Project 1-312] File not found as 'C:/Maestria/DDA-2025/DDA-2025/ProyectoFinal/RTL/div_lut/lut_atan.v'; using path 'C:/Maestria/DDA-2025/ProyectoFinal/RTL/div_lut/lut_atan.v' instead.
WARNING: [Project 1-312] File not found as 'C:/Maestria/DDA-2025/DDA-2025/Basic_Modules/trunc_sat.v'; using path 'C:/Maestria/DDA-2025/Basic_Modules/trunc_sat.v' instead.
WARNING: [Project 1-312] File not found as 'C:/Maestria/DDA-2025/DDA-2025/ProyectoFinal/RTL/carrier_recovery/carrier_recovery_tb.v'; using path 'C:/Maestria/DDA-2025/ProyectoFinal/RTL/carrier_recovery/carrier_recovery_tb.v' instead.
Scanning sources...
Finished scanning sources
INFO: [IP_Flow 19-234] Refreshing IP repositories
INFO: [IP_Flow 19-1704] No user IP repositories specified
INFO: [IP_Flow 19-2313] Loaded Vivado IP repository 'C:/Xilinx/Vivado/2023.1/data/ip'.
open_project: Time (s): cpu = 00:00:34 ; elapsed = 00:00:24 . Memory (MB): peak = 1420.758 ; gain = 397.461
update_compile_order -fileset sources_1
launch_simulation
Command: launch_simulation 
INFO: [Vivado 12-12493] Simulation top is 'carrier_recovery_tb'
WARNING: [Vivado 12-13340] Unable to auto find GCC executables from simulator install path! (path not set)
INFO: [Vivado 12-5682] Launching behavioral simulation in 'C:/Maestria/DDA-2025/carrier_recovery/carrier_recovery.sim/sim_1/behav/xsim'
INFO: [SIM-utils-51] Simulation object is 'sim_1'
INFO: [SIM-utils-72] Using boost library from 'C:/Xilinx/Vivado/2023.1/tps/boost_1_72_0'
INFO: [SIM-utils-54] Inspecting design source files for 'carrier_recovery_tb' in fileset 'sim_1'...
INFO: [USF-XSim-97] Finding global include files...
INFO: [USF-XSim-98] Fetching design files from 'sim_1'...
INFO: [USF-XSim-2] XSim::Compile design
INFO: [USF-XSim-61] Executing 'COMPILE and ANALYZE' step in 'C:/Maestria/DDA-2025/carrier_recovery/carrier_recovery.sim/sim_1/behav/xsim'
"xvlog --incr --relax -prj carrier_recovery_tb_vlog.prj"
ECHO is off.
ECHO is off.
INFO: [VRFC 10-2263] Analyzing Verilog file "C:/Maestria/DDA-2025/ProyectoFinal/RTL/carrier_recovery/carrier_recovery.v" into library xil_defaultlib
INFO: [VRFC 10-311] analyzing module carrier_recovery
INFO: [VRFC 10-2263] Analyzing Verilog file "C:/Maestria/DDA-2025/ProyectoFinal/RTL/complex_multiplication/complex_multiplication.v" into library xil_defaultlib
INFO: [VRFC 10-311] analyzing module complex_multiplication
INFO: [VRFC 10-2263] Analyzing Verilog file "C:/Maestria/DDA-2025/ProyectoFinal/RTL/cos_calc/cos_calc.v" into library xil_defaultlib
INFO: [VRFC 10-311] analyzing module cos_calc
INFO: [VRFC 10-2263] Analyzing Verilog file "C:/Maestria/DDA-2025/ProyectoFinal/RTL/loop_filter/loop_filter.v" into library xil_defaultlib
INFO: [VRFC 10-311] analyzing module loop_filter
INFO: [VRFC 10-2263] Analyzing Verilog file "C:/Maestria/DDA-2025/ProyectoFinal/RTL/div_lut/lut_atan_full.v" into library xil_defaultlib
INFO: [VRFC 10-311] analyzing module lut_atan_full
INFO: [VRFC 10-2263] Analyzing Verilog file "C:/Maestria/DDA-2025/ProyectoFinal/RTL/sin_lut/lut_sin.v" into library xil_defaultlib
INFO: [VRFC 10-311] analyzing module lut_sin
INFO: [VRFC 10-2263] Analyzing Verilog file "C:/Maestria/DDA-2025/ProyectoFinal/RTL/phase_detector/phase_detector.v" into library xil_defaultlib
INFO: [VRFC 10-311] analyzing module phase_detector
INFO: [VRFC 10-2263] Analyzing Verilog file "C:/Maestria/DDA-2025/Basic_Modules/rounding.v" into library xil_defaultlib
INFO: [VRFC 10-311] analyzing module rounding
INFO: [VRFC 10-2263] Analyzing Verilog file "C:/Maestria/DDA-2025/ProyectoFinal/RTL/sin_calc/sin_calc.v" into library xil_defaultlib
INFO: [VRFC 10-311] analyzing module sin_calc
INFO: [VRFC 10-2263] Analyzing Verilog file "C:/Maestria/DDA-2025/ProyectoFinal/RTL/slicer/slicer.v" into library xil_defaultlib
INFO: [VRFC 10-311] analyzing module slicer
INFO: [VRFC 10-2263] Analyzing Verilog file "C:/Maestria/DDA-2025/ProyectoFinal/RTL/vco/vco.v" into library xil_defaultlib
INFO: [VRFC 10-311] analyzing module vco
INFO: [VRFC 10-2263] Analyzing Verilog file "C:/Maestria/DDA-2025/ProyectoFinal/RTL/carrier_recovery/carrier_recovery_tb.v" into library xil_defaultlib
INFO: [VRFC 10-311] analyzing module carrier_recovery_tb
INFO: [VRFC 10-2263] Analyzing Verilog file "C:/Maestria/DDA-2025/carrier_recovery/carrier_recovery.sim/sim_1/behav/xsim/glbl.v" into library xil_defaultlib
INFO: [VRFC 10-311] analyzing module glbl
run_program: Time (s): cpu = 00:00:01 ; elapsed = 00:00:10 . Memory (MB): peak = 1448.066 ; gain = 0.000
INFO: [USF-XSim-69] 'compile' step finished in '10' seconds
INFO: [USF-XSim-3] XSim::Elaborate design
INFO: [USF-XSim-61] Executing 'ELABORATE' step in 'C:/Maestria/DDA-2025/carrier_recovery/carrier_recovery.sim/sim_1/behav/xsim'
"xelab --incr --debug typical --relax --mt 2 -L xil_defaultlib -L unisims_ver -L unimacro_ver -L secureip --snapshot carrier_recovery_tb_behav xil_defaultlib.carrier_recovery_tb xil_defaultlib.glbl -log elaborate.log"
ECHO is off.
ECHO is off.
Vivado Simulator v2023.1
Copyright 1986-2022 Xilinx, Inc. All Rights Reserved.
Copyright 2022-2023 Advanced Micro Devices, Inc. All Rights Reserved.
Running: C:/Xilinx/Vivado/2023.1/bin/unwrapped/win64.o/xelab.exe --incr --debug typical --relax --mt 2 -L xil_defaultlib -L unisims_ver -L unimacro_ver -L secureip --snapshot carrier_recovery_tb_behav xil_defaultlib.carrier_recovery_tb xil_defaultlib.glbl -log elaborate.log 
Using 2 slave threads.
Starting static elaboration
Pass Through NonSizing Optimizer
Completed static elaboration
Starting simulation data flow analysis
WARNING: [XSIM 43-4100] "C:/Maestria/DDA-2025/carrier_recovery/carrier_recovery.sim/sim_1/behav/xsim/glbl.v" Line 6. Module glbl has a timescale but at least one module in design doesn't have timescale.
WARNING: [XSIM 43-4100] "C:/Maestria/DDA-2025/carrier_recovery/carrier_recovery.sim/sim_1/behav/xsim/glbl.v" Line 6. Module glbl has a timescale but at least one module in design doesn't have timescale.
Completed simulation data flow analysis
Time Resolution for simulation is 1ps
Compiling module xil_defaultlib.rounding(NB_IN=17)
Compiling module xil_defaultlib.complex_multiplication_default
Compiling module xil_defaultlib.lut_atan_full_default
Compiling module xil_defaultlib.slicer(NBF_DATA_IN_OUT=8)
Compiling module xil_defaultlib.phase_detector(NBF_IN_PD=8)
Compiling module xil_defaultlib.rounding(NB_IN=18,NB_RND=11)
Compiling module xil_defaultlib.loop_filter(NB_PHASE_IN=11,NBF_P...
Compiling module xil_defaultlib.vco(NB_PHASE_IN=11,NBF_PHASE_IN=...
Compiling module xil_defaultlib.lut_sin(NB_DATA_IN=9,NB_DATA_OUT...
Compiling module xil_defaultlib.sin_calc(NB_DATA_IN=11,NBF_DATA_...
Compiling module xil_defaultlib.cos_calc(NB_DATA_IN=11,NBF_DATA_...
Compiling module xil_defaultlib.carrier_recovery_default
Compiling module xil_defaultlib.carrier_recovery_tb
WARNING: [XSIM 43-3373] "C:/Maestria/DDA-2025/ProyectoFinal/RTL/carrier_recovery/carrier_recovery_tb.v" Line 103. System function $fscanf is used as system task. This system function should have a LHS e.g. x=$fscanf().
WARNING: [XSIM 43-3373] "C:/Maestria/DDA-2025/ProyectoFinal/RTL/carrier_recovery/carrier_recovery_tb.v" Line 104. System function $fscanf is used as system task. This system function should have a LHS e.g. x=$fscanf().
WARNING: [XSIM 43-3373] "C:/Maestria/DDA-2025/ProyectoFinal/RTL/carrier_recovery/carrier_recovery_tb.v" Line 105. System function $fscanf is used as system task. This system function should have a LHS e.g. x=$fscanf().
WARNING: [XSIM 43-3373] "C:/Maestria/DDA-2025/ProyectoFinal/RTL/carrier_recovery/carrier_recovery_tb.v" Line 106. System function $fscanf is used as system task. This system function should have a LHS e.g. x=$fscanf().
WARNING: [XSIM 43-3373] "C:/Maestria/DDA-2025/ProyectoFinal/RTL/carrier_recovery/carrier_recovery_tb.v" Line 107. System function $fscanf is used as system task. This system function should have a LHS e.g. x=$fscanf().
WARNING: [XSIM 43-3373] "C:/Maestria/DDA-2025/ProyectoFinal/RTL/carrier_recovery/carrier_recovery_tb.v" Line 108. System function $fscanf is used as system task. This system function should have a LHS e.g. x=$fscanf().
WARNING: [XSIM 43-3373] "C:/Maestria/DDA-2025/ProyectoFinal/RTL/carrier_recovery/carrier_recovery_tb.v" Line 109. System function $fscanf is used as system task. This system function should have a LHS e.g. x=$fscanf().
WARNING: [XSIM 43-3373] "C:/Maestria/DDA-2025/ProyectoFinal/RTL/carrier_recovery/carrier_recovery_tb.v" Line 110. System function $fscanf is used as system task. This system function should have a LHS e.g. x=$fscanf().
WARNING: [XSIM 43-3373] "C:/Maestria/DDA-2025/ProyectoFinal/RTL/carrier_recovery/carrier_recovery_tb.v" Line 111. System function $fscanf is used as system task. This system function should have a LHS e.g. x=$fscanf().
Compiling module xil_defaultlib.glbl
Built simulation snapshot carrier_recovery_tb_behav
run_program: Time (s): cpu = 00:00:06 ; elapsed = 00:01:07 . Memory (MB): peak = 1449.426 ; gain = 1.359
INFO: [USF-XSim-69] 'elaborate' step finished in '67' seconds
INFO: [USF-XSim-4] XSim::Simulate design
INFO: [USF-XSim-61] Executing 'SIMULATE' step in 'C:/Maestria/DDA-2025/carrier_recovery/carrier_recovery.sim/sim_1/behav/xsim'
INFO: [USF-XSim-98] *** Running xsim
   with args "carrier_recovery_tb_behav -key {Behavioral:sim_1:Functional:carrier_recovery_tb} -tclbatch {carrier_recovery_tb.tcl} -view {C:/Maestria/DDA-2025/carrier_recovery/carrier_recovery_tb_behav.wcfg} -view {C:/Maestria/DDA-2025/carrier_recovery/carrier_recovery_tb_behav1.wcfg} -log {simulate.log}"
INFO: [USF-XSim-8] Loading simulator feature
Time resolution is 1 ps
open_wave_config C:/Maestria/DDA-2025/carrier_recovery/carrier_recovery_tb_behav.wcfg
open_wave_config C:/Maestria/DDA-2025/carrier_recovery/carrier_recovery_tb_behav1.wcfg
source carrier_recovery_tb.tcl
# set curr_wave [current_wave_config]
# if { [string length $curr_wave] == 0 } {
#   if { [llength [get_objects]] > 0} {
#     add_wave /
#     set_property needs_save false [current_wave_config]
#   } else {
#      send_msg_id Add_Wave-1 WARNING "No top level signals found. Simulator will start without a wave window. If you want to open a wave window go to 'File->New Waveform Configuration' or type 'create_wave_config' in the TCL console."
#   }
# }
# run 100000000000ns
TEST PASSED
$finish called at time : 30005 ns : File "C:/Maestria/DDA-2025/ProyectoFinal/RTL/carrier_recovery/carrier_recovery_tb.v" Line 130
run: Time (s): cpu = 00:00:06 ; elapsed = 00:00:05 . Memory (MB): peak = 1480.191 ; gain = 13.184
xsim: Time (s): cpu = 00:00:20 ; elapsed = 00:00:17 . Memory (MB): peak = 1480.191 ; gain = 30.766
INFO: [USF-XSim-96] XSim completed. Design snapshot 'carrier_recovery_tb_behav' loaded.
INFO: [USF-XSim-97] XSim simulation ran for 100000000000ns
launch_simulation: Time (s): cpu = 00:00:29 ; elapsed = 00:01:37 . Memory (MB): peak = 1480.191 ; gain = 32.125
relaunch_sim
Command: launch_simulation -step compile -simset sim_1 -mode behavioral
INFO: [Vivado 12-12493] Simulation top is 'carrier_recovery_tb'
WARNING: [Vivado 12-13340] Unable to auto find GCC executables from simulator install path! (path not set)
INFO: [Vivado 12-5682] Launching behavioral simulation in 'C:/Maestria/DDA-2025/carrier_recovery/carrier_recovery.sim/sim_1/behav/xsim'
INFO: [SIM-utils-51] Simulation object is 'sim_1'
INFO: [SIM-utils-72] Using boost library from 'C:/Xilinx/Vivado/2023.1/tps/boost_1_72_0'
INFO: [SIM-utils-54] Inspecting design source files for 'carrier_recovery_tb' in fileset 'sim_1'...
INFO: [USF-XSim-97] Finding global include files...
INFO: [USF-XSim-98] Fetching design files from 'sim_1'...
INFO: [USF-XSim-2] XSim::Compile design
INFO: [USF-XSim-61] Executing 'COMPILE and ANALYZE' step in 'C:/Maestria/DDA-2025/carrier_recovery/carrier_recovery.sim/sim_1/behav/xsim'
"xvlog --incr --relax -prj carrier_recovery_tb_vlog.prj"
ECHO is off.
ECHO is off.
INFO: [VRFC 10-2263] Analyzing Verilog file "C:/Maestria/DDA-2025/ProyectoFinal/RTL/carrier_recovery/carrier_recovery.v" into library xil_defaultlib
INFO: [VRFC 10-311] analyzing module carrier_recovery
INFO: [VRFC 10-2263] Analyzing Verilog file "C:/Maestria/DDA-2025/ProyectoFinal/RTL/complex_multiplication/complex_multiplication.v" into library xil_defaultlib
INFO: [VRFC 10-311] analyzing module complex_multiplication
INFO: [VRFC 10-2263] Analyzing Verilog file "C:/Maestria/DDA-2025/ProyectoFinal/RTL/cos_calc/cos_calc.v" into library xil_defaultlib
INFO: [VRFC 10-311] analyzing module cos_calc
INFO: [VRFC 10-2263] Analyzing Verilog file "C:/Maestria/DDA-2025/ProyectoFinal/RTL/loop_filter/loop_filter.v" into library xil_defaultlib
INFO: [VRFC 10-311] analyzing module loop_filter
INFO: [VRFC 10-2263] Analyzing Verilog file "C:/Maestria/DDA-2025/ProyectoFinal/RTL/div_lut/lut_atan_full.v" into library xil_defaultlib
INFO: [VRFC 10-311] analyzing module lut_atan_full
INFO: [VRFC 10-2263] Analyzing Verilog file "C:/Maestria/DDA-2025/ProyectoFinal/RTL/sin_lut/lut_sin.v" into library xil_defaultlib
INFO: [VRFC 10-311] analyzing module lut_sin
INFO: [VRFC 10-2263] Analyzing Verilog file "C:/Maestria/DDA-2025/ProyectoFinal/RTL/phase_detector/phase_detector.v" into library xil_defaultlib
INFO: [VRFC 10-311] analyzing module phase_detector
ERROR: [VRFC 10-2989] 'NB_PD_OUT' is not declared [C:/Maestria/DDA-2025/ProyectoFinal/RTL/phase_detector/phase_detector.v:70]
ERROR: [VRFC 10-8530] module 'phase_detector' is ignored due to previous errors [C:/Maestria/DDA-2025/ProyectoFinal/RTL/phase_detector/phase_detector.v:3]
run_program: Time (s): cpu = 00:00:01 ; elapsed = 00:00:06 . Memory (MB): peak = 2575.441 ; gain = 0.000
INFO: [USF-XSim-69] 'compile' step finished in '6' seconds
INFO: [USF-XSim-99] Step results log file:'C:/Maestria/DDA-2025/carrier_recovery/carrier_recovery.sim/sim_1/behav/xsim/xvlog.log'
ERROR: [USF-XSim-62] 'compile' step failed with error(s). Please check the Tcl console output or 'C:/Maestria/DDA-2025/carrier_recovery/carrier_recovery.sim/sim_1/behav/xsim/xvlog.log' file for more information.
ERROR: [Vivado 12-4473] Detected error while running simulation. Please correct the issue and retry this operation.
launch_simulation: Time (s): cpu = 00:00:01 ; elapsed = 00:00:07 . Memory (MB): peak = 2575.441 ; gain = 0.000
ERROR: [Common 17-39] 'launch_simulation' failed due to earlier errors.
ERROR: [Common 17-69] Command failed: ERROR: [Common 17-39] 'launch_simulation' failed due to earlier errors.

relaunch_sim
Command: launch_simulation -step compile -simset sim_1 -mode behavioral
INFO: [Vivado 12-12493] Simulation top is 'carrier_recovery_tb'
WARNING: [Vivado 12-13340] Unable to auto find GCC executables from simulator install path! (path not set)
INFO: [Vivado 12-5682] Launching behavioral simulation in 'C:/Maestria/DDA-2025/carrier_recovery/carrier_recovery.sim/sim_1/behav/xsim'
INFO: [SIM-utils-51] Simulation object is 'sim_1'
INFO: [USF-XSim-2] XSim::Compile design
INFO: [USF-XSim-61] Executing 'COMPILE and ANALYZE' step in 'C:/Maestria/DDA-2025/carrier_recovery/carrier_recovery.sim/sim_1/behav/xsim'
"xvlog --incr --relax -prj carrier_recovery_tb_vlog.prj"
ECHO is off.
ECHO is off.
INFO: [VRFC 10-2263] Analyzing Verilog file "C:/Maestria/DDA-2025/ProyectoFinal/RTL/carrier_recovery/carrier_recovery.v" into library xil_defaultlib
INFO: [VRFC 10-311] analyzing module carrier_recovery
INFO: [VRFC 10-2263] Analyzing Verilog file "C:/Maestria/DDA-2025/ProyectoFinal/RTL/complex_multiplication/complex_multiplication.v" into library xil_defaultlib
INFO: [VRFC 10-311] analyzing module complex_multiplication
INFO: [VRFC 10-2263] Analyzing Verilog file "C:/Maestria/DDA-2025/ProyectoFinal/RTL/cos_calc/cos_calc.v" into library xil_defaultlib
INFO: [VRFC 10-311] analyzing module cos_calc
INFO: [VRFC 10-2263] Analyzing Verilog file "C:/Maestria/DDA-2025/ProyectoFinal/RTL/loop_filter/loop_filter.v" into library xil_defaultlib
INFO: [VRFC 10-311] analyzing module loop_filter
INFO: [VRFC 10-2263] Analyzing Verilog file "C:/Maestria/DDA-2025/ProyectoFinal/RTL/div_lut/lut_atan_full.v" into library xil_defaultlib
INFO: [VRFC 10-311] analyzing module lut_atan_full
INFO: [VRFC 10-2263] Analyzing Verilog file "C:/Maestria/DDA-2025/ProyectoFinal/RTL/sin_lut/lut_sin.v" into library xil_defaultlib
INFO: [VRFC 10-311] analyzing module lut_sin
INFO: [VRFC 10-2263] Analyzing Verilog file "C:/Maestria/DDA-2025/ProyectoFinal/RTL/phase_detector/phase_detector.v" into library xil_defaultlib
INFO: [VRFC 10-311] analyzing module phase_detector
INFO: [VRFC 10-2263] Analyzing Verilog file "C:/Maestria/DDA-2025/Basic_Modules/rounding.v" into library xil_defaultlib
INFO: [VRFC 10-311] analyzing module rounding
INFO: [VRFC 10-2263] Analyzing Verilog file "C:/Maestria/DDA-2025/ProyectoFinal/RTL/sin_calc/sin_calc.v" into library xil_defaultlib
INFO: [VRFC 10-311] analyzing module sin_calc
INFO: [VRFC 10-2263] Analyzing Verilog file "C:/Maestria/DDA-2025/ProyectoFinal/RTL/slicer/slicer.v" into library xil_defaultlib
INFO: [VRFC 10-311] analyzing module slicer
INFO: [VRFC 10-2263] Analyzing Verilog file "C:/Maestria/DDA-2025/ProyectoFinal/RTL/vco/vco.v" into library xil_defaultlib
INFO: [VRFC 10-311] analyzing module vco
INFO: [VRFC 10-2263] Analyzing Verilog file "C:/Maestria/DDA-2025/ProyectoFinal/RTL/carrier_recovery/carrier_recovery_tb.v" into library xil_defaultlib
INFO: [VRFC 10-311] analyzing module carrier_recovery_tb
run_program: Time (s): cpu = 00:00:01 ; elapsed = 00:00:08 . Memory (MB): peak = 2575.441 ; gain = 0.000
INFO: [USF-XSim-69] 'compile' step finished in '8' seconds
launch_simulation: Time (s): cpu = 00:00:01 ; elapsed = 00:00:08 . Memory (MB): peak = 2575.441 ; gain = 0.000
Command: launch_simulation -step elaborate -simset sim_1 -mode behavioral
INFO: [Vivado 12-12493] Simulation top is 'carrier_recovery_tb'
WARNING: [Vivado 12-13340] Unable to auto find GCC executables from simulator install path! (path not set)
INFO: [Vivado 12-5682] Launching behavioral simulation in 'C:/Maestria/DDA-2025/carrier_recovery/carrier_recovery.sim/sim_1/behav/xsim'
INFO: [SIM-utils-51] Simulation object is 'sim_1'
INFO: [USF-XSim-3] XSim::Elaborate design
INFO: [USF-XSim-61] Executing 'ELABORATE' step in 'C:/Maestria/DDA-2025/carrier_recovery/carrier_recovery.sim/sim_1/behav/xsim'
"xelab --incr --debug typical --relax --mt 2 -L xil_defaultlib -L unisims_ver -L unimacro_ver -L secureip --snapshot carrier_recovery_tb_behav xil_defaultlib.carrier_recovery_tb xil_defaultlib.glbl -log elaborate.log"
ECHO is off.
ECHO is off.
Vivado Simulator v2023.1
Copyright 1986-2022 Xilinx, Inc. All Rights Reserved.
Copyright 2022-2023 Advanced Micro Devices, Inc. All Rights Reserved.
Running: C:/Xilinx/Vivado/2023.1/bin/unwrapped/win64.o/xelab.exe --incr --debug typical --relax --mt 2 -L xil_defaultlib -L unisims_ver -L unimacro_ver -L secureip --snapshot carrier_recovery_tb_behav xil_defaultlib.carrier_recovery_tb xil_defaultlib.glbl -log elaborate.log 
Using 2 slave threads.
Starting static elaboration
Pass Through NonSizing Optimizer
Completed static elaboration
Starting simulation data flow analysis
WARNING: [XSIM 43-4100] "C:/Maestria/DDA-2025/carrier_recovery/carrier_recovery.sim/sim_1/behav/xsim/glbl.v" Line 6. Module glbl has a timescale but at least one module in design doesn't have timescale.
WARNING: [XSIM 43-4100] "C:/Maestria/DDA-2025/carrier_recovery/carrier_recovery.sim/sim_1/behav/xsim/glbl.v" Line 6. Module glbl has a timescale but at least one module in design doesn't have timescale.
Completed simulation data flow analysis
Time Resolution for simulation is 1ps
Compiling module xil_defaultlib.rounding(NB_IN=17)
Compiling module xil_defaultlib.complex_multiplication_default
Compiling module xil_defaultlib.lut_atan(NB_DATA_OUT=11)
Compiling module xil_defaultlib.slicer(NBF_DATA_IN_OUT=8)
Compiling module xil_defaultlib.phase_detector(NBF_IN_PD=8)
Compiling module xil_defaultlib.rounding(NB_IN=18,NB_RND=11)
Compiling module xil_defaultlib.loop_filter(NB_PHASE_IN=11,NBF_P...
Compiling module xil_defaultlib.vco(NB_PHASE_IN=11,NBF_PHASE_IN=...
Compiling module xil_defaultlib.lut_sin(NB_DATA_IN=9,NB_DATA_OUT...
Compiling module xil_defaultlib.sin_calc(NB_DATA_IN=11,NBF_DATA_...
Compiling module xil_defaultlib.cos_calc(NB_DATA_IN=11,NBF_DATA_...
Compiling module xil_defaultlib.carrier_recovery_default
Compiling module xil_defaultlib.carrier_recovery_tb
WARNING: [XSIM 43-3373] "C:/Maestria/DDA-2025/ProyectoFinal/RTL/carrier_recovery/carrier_recovery_tb.v" Line 103. System function $fscanf is used as system task. This system function should have a LHS e.g. x=$fscanf().
WARNING: [XSIM 43-3373] "C:/Maestria/DDA-2025/ProyectoFinal/RTL/carrier_recovery/carrier_recovery_tb.v" Line 104. System function $fscanf is used as system task. This system function should have a LHS e.g. x=$fscanf().
WARNING: [XSIM 43-3373] "C:/Maestria/DDA-2025/ProyectoFinal/RTL/carrier_recovery/carrier_recovery_tb.v" Line 105. System function $fscanf is used as system task. This system function should have a LHS e.g. x=$fscanf().
WARNING: [XSIM 43-3373] "C:/Maestria/DDA-2025/ProyectoFinal/RTL/carrier_recovery/carrier_recovery_tb.v" Line 106. System function $fscanf is used as system task. This system function should have a LHS e.g. x=$fscanf().
WARNING: [XSIM 43-3373] "C:/Maestria/DDA-2025/ProyectoFinal/RTL/carrier_recovery/carrier_recovery_tb.v" Line 107. System function $fscanf is used as system task. This system function should have a LHS e.g. x=$fscanf().
WARNING: [XSIM 43-3373] "C:/Maestria/DDA-2025/ProyectoFinal/RTL/carrier_recovery/carrier_recovery_tb.v" Line 108. System function $fscanf is used as system task. This system function should have a LHS e.g. x=$fscanf().
WARNING: [XSIM 43-3373] "C:/Maestria/DDA-2025/ProyectoFinal/RTL/carrier_recovery/carrier_recovery_tb.v" Line 109. System function $fscanf is used as system task. This system function should have a LHS e.g. x=$fscanf().
WARNING: [XSIM 43-3373] "C:/Maestria/DDA-2025/ProyectoFinal/RTL/carrier_recovery/carrier_recovery_tb.v" Line 110. System function $fscanf is used as system task. This system function should have a LHS e.g. x=$fscanf().
WARNING: [XSIM 43-3373] "C:/Maestria/DDA-2025/ProyectoFinal/RTL/carrier_recovery/carrier_recovery_tb.v" Line 111. System function $fscanf is used as system task. This system function should have a LHS e.g. x=$fscanf().
Compiling module xil_defaultlib.glbl
Built simulation snapshot carrier_recovery_tb_behav
run_program: Time (s): cpu = 00:00:01 ; elapsed = 00:00:21 . Memory (MB): peak = 2575.441 ; gain = 0.000
INFO: [USF-XSim-69] 'elaborate' step finished in '21' seconds
launch_simulation: Time (s): cpu = 00:00:01 ; elapsed = 00:00:21 . Memory (MB): peak = 2575.441 ; gain = 0.000
Time resolution is 1 ps
TEST PASSED
$finish called at time : 30005 ns : File "C:/Maestria/DDA-2025/ProyectoFinal/RTL/carrier_recovery/carrier_recovery_tb.v" Line 130
relaunch_sim: Time (s): cpu = 00:00:03 ; elapsed = 00:00:31 . Memory (MB): peak = 2575.441 ; gain = 0.000
close_sim
INFO: [Simtcl 6-16] Simulation closed
update_compile_order -fileset sources_1
exit
INFO: [Common 17-206] Exiting Vivado at Fri May  2 17:16:24 2025...
