Vivado Simulator v2023.1
Copyright 1986-2022 Xilinx, Inc. All Rights Reserved.
Copyright 2022-2023 Advanced Micro Devices, Inc. All Rights Reserved.
Running: C:/Xilinx/Vivado/2023.1/bin/unwrapped/win64.o/xelab.exe --incr --debug typical --relax --mt 2 -L xil_defaultlib -L blk_mem_gen_v8_4_6 -L unisims_ver -L unimacro_ver -L secureip -L xpm --snapshot carrier_recovery_tb_behav xil_defaultlib.carrier_recovery_tb xil_defaultlib.glbl -log elaborate.log 
Using 2 slave threads.
Starting static elaboration
Pass Through NonSizing Optimizer
Completed static elaboration
Starting simulation data flow analysis
Completed simulation data flow analysis
Time Resolution for simulation is 1ps
Compiling module xil_defaultlib.rounding(NB_IN=17)
Compiling module xil_defaultlib.complex_multiplication_default
Compiling module xil_defaultlib.slicer(NBF_DATA_IN_OUT=8)
Compiling module blk_mem_gen_v8_4_6.blk_mem_gen_v8_4_6_output_stage(...
Compiling module blk_mem_gen_v8_4_6.blk_mem_gen_v8_4_6_softecc_outpu...
Compiling module blk_mem_gen_v8_4_6.blk_mem_gen_v8_4_6_mem_module(C_...
Compiling module blk_mem_gen_v8_4_6.blk_mem_gen_v8_4_6(C_FAMILY="art...
Compiling module xil_defaultlib.ram_atan
Compiling module xil_defaultlib.phase_detector(NBF_IN_PD=8)
Compiling module xil_defaultlib.rounding(NB_IN=18,NB_RND=11)
Compiling module xil_defaultlib.loop_filter(NB_PHASE_IN=11,NBF_P...
Compiling module xil_defaultlib.vco(NB_PHASE_IN=11,NBF_PHASE_IN=...
Compiling module blk_mem_gen_v8_4_6.blk_mem_gen_v8_4_6_output_stage(...
Compiling module blk_mem_gen_v8_4_6.blk_mem_gen_v8_4_6_softecc_outpu...
Compiling module blk_mem_gen_v8_4_6.blk_mem_gen_v8_4_6_mem_module(C_...
Compiling module blk_mem_gen_v8_4_6.blk_mem_gen_v8_4_6(C_FAMILY="art...
Compiling module xil_defaultlib.ram_sin
Compiling module xil_defaultlib.sin_calc_default
Compiling module xil_defaultlib.cos_calc(NB_DATA_IN=11,NBF_DATA_...
Compiling module xil_defaultlib.carrier_recovery_default
Compiling module xil_defaultlib.carrier_recovery_tb
WARNING: [XSIM 43-3373] "C:/Maestria/DDA-2025/ProyectoFinal/RTL/carrier_recovery/carrier_recovery_tb.v" Line 103. System function $fscanf is used as system task. This system function should have a LHS e.g. x=$fscanf().
WARNING: [XSIM 43-3373] "C:/Maestria/DDA-2025/ProyectoFinal/RTL/carrier_recovery/carrier_recovery_tb.v" Line 104. System function $fscanf is used as system task. This system function should have a LHS e.g. x=$fscanf().
WARNING: [XSIM 43-3373] "C:/Maestria/DDA-2025/ProyectoFinal/RTL/carrier_recovery/carrier_recovery_tb.v" Line 105. System function $fscanf is used as system task. This system function should have a LHS e.g. x=$fscanf().
WARNING: [XSIM 43-3373] "C:/Maestria/DDA-2025/ProyectoFinal/RTL/carrier_recovery/carrier_recovery_tb.v" Line 106. System function $fscanf is used as system task. This system function should have a LHS e.g. x=$fscanf().
WARNING: [XSIM 43-3373] "C:/Maestria/DDA-2025/ProyectoFinal/RTL/carrier_recovery/carrier_recovery_tb.v" Line 107. System function $fscanf is used as system task. This system function should have a LHS e.g. x=$fscanf().
WARNING: [XSIM 43-3373] "C:/Maestria/DDA-2025/ProyectoFinal/RTL/carrier_recovery/carrier_recovery_tb.v" Line 108. System function $fscanf is used as system task. This system function should have a LHS e.g. x=$fscanf().
WARNING: [XSIM 43-3373] "C:/Maestria/DDA-2025/ProyectoFinal/RTL/carrier_recovery/carrier_recovery_tb.v" Line 109. System function $fscanf is used as system task. This system function should have a LHS e.g. x=$fscanf().
WARNING: [XSIM 43-3373] "C:/Maestria/DDA-2025/ProyectoFinal/RTL/carrier_recovery/carrier_recovery_tb.v" Line 110. System function $fscanf is used as system task. This system function should have a LHS e.g. x=$fscanf().
WARNING: [XSIM 43-3373] "C:/Maestria/DDA-2025/ProyectoFinal/RTL/carrier_recovery/carrier_recovery_tb.v" Line 111. System function $fscanf is used as system task. This system function should have a LHS e.g. x=$fscanf().
Compiling module xil_defaultlib.glbl
Built simulation snapshot carrier_recovery_tb_behav
