INFO: [VRFC 10-2263] Analyzing Verilog file "C:/Maestria/DDA-2025/ProyectoFinal/RTL/carrier_recovery/carrier_recovery.v" into library xil_defaultlib
INFO: [VRFC 10-311] analyzing module carrier_recovery
INFO: [VRFC 10-2263] Analyzing Verilog file "C:/Maestria/DDA-2025/ProyectoFinal/RTL/complex_multiplication/complex_multiplication.v" into library xil_defaultlib
INFO: [VRFC 10-311] analyzing module complex_multiplication
INFO: [VRFC 10-2263] Analyzing Verilog file "C:/Maestria/DDA-2025/ProyectoFinal/RTL/cos_calc/cos_calc.v" into library xil_defaultlib
INFO: [VRFC 10-311] analyzing module cos_calc
INFO: [VRFC 10-2263] Analyzing Verilog file "C:/Maestria/DDA-2025/ProyectoFinal/RTL/loop_filter/loop_filter.v" into library xil_defaultlib
INFO: [VRFC 10-311] analyzing module loop_filter
INFO: [VRFC 10-2263] Analyzing Verilog file "C:/Maestria/DDA-2025/ProyectoFinal/RTL/div_lut/lut_atan.v" into library xil_defaultlib
INFO: [VRFC 10-311] analyzing module lut_atan
INFO: [VRFC 10-2263] Analyzing Verilog file "C:/Maestria/DDA-2025/ProyectoFinal/RTL/sin_lut/lut_sin.v" into library xil_defaultlib
INFO: [VRFC 10-311] analyzing module lut_sin
INFO: [VRFC 10-2263] Analyzing Verilog file "C:/Maestria/DDA-2025/ProyectoFinal/RTL/phase_detector/phase_detector.v" into library xil_defaultlib
INFO: [VRFC 10-311] analyzing module phase_detector
INFO: [VRFC 10-2263] Analyzing Verilog file "C:/Maestria/DDA-2025/Basic_Modules/rounding.v" into library xil_defaultlib
INFO: [VRFC 10-311] analyzing module rounding
INFO: [VRFC 10-2263] Analyzing Verilog file "C:/Maestria/DDA-2025/ProyectoFinal/RTL/sin_calc/sin_calc.v" into library xil_defaultlib
INFO: [VRFC 10-311] analyzing module sin_calc
INFO: [VRFC 10-2263] Analyzing Verilog file "C:/Maestria/DDA-2025/ProyectoFinal/RTL/slicer/slicer.v" into library xil_defaultlib
INFO: [VRFC 10-311] analyzing module slicer
INFO: [VRFC 10-2263] Analyzing Verilog file "C:/Maestria/DDA-2025/Basic_Modules/trunc_sat.v" into library xil_defaultlib
INFO: [VRFC 10-311] analyzing module trunc_sat
INFO: [VRFC 10-2263] Analyzing Verilog file "C:/Maestria/DDA-2025/ProyectoFinal/RTL/vco/vco.v" into library xil_defaultlib
INFO: [VRFC 10-311] analyzing module vco
INFO: [VRFC 10-2263] Analyzing Verilog file "C:/Maestria/DDA-2025/ProyectoFinal/RTL/carrier_recovery/carrier_recovery_tb.v" into library xil_defaultlib
INFO: [VRFC 10-311] analyzing module carrier_recovery_tb
