
*** Running vivado
    with args -log vio_0.vds -m64 -product Vivado -mode batch -messageDb vivado.pb -notrace -source vio_0.tcl


ECHO is off.
ECHO is off.

****** Vivado v2023.1 (64-bit)
  **** SW Build 3865809 on Sun May  7 15:05:29 MDT 2023
  **** IP Build 3864474 on Sun May  7 20:36:21 MDT 2023
  **** SharedData Build 3865790 on Sun May 07 13:33:03 MDT 2023
    ** Copyright 1986-2022 Xilinx, Inc. All Rights Reserved.
    ** Copyright 2022-2023 Advanced Micro Devices, Inc. All Rights Reserved.

source vio_0.tcl -notrace
INFO: [IP_Flow 19-6924] IPCACHE: Running cache check for IP inst: vio_0
INFO: [IP_Flow 19-6922] IPCACHE: Exporting cached entry 5d85e7cb4da753d8 to dir: C:/Maestria/carrier_recovery/carrier_recovery.runs/vio_0_synth_1
INFO: [IP_Flow 19-6928] IPCACHE: copied cached file c:/Maestria/carrier_recovery/carrier_recovery.cache/ip/2023.1/5/d/5d85e7cb4da753d8/vio_0.dcp to C:/Maestria/carrier_recovery/carrier_recovery.runs/vio_0_synth_1/vio_0.dcp.
INFO: [IP_Flow 19-6928] IPCACHE: copied cached file c:/Maestria/carrier_recovery/carrier_recovery.cache/ip/2023.1/5/d/5d85e7cb4da753d8/vio_0_sim_netlist.v to C:/Maestria/carrier_recovery/carrier_recovery.runs/vio_0_synth_1/vio_0_sim_netlist.v.
INFO: [IP_Flow 19-6928] IPCACHE: copied cached file c:/Maestria/carrier_recovery/carrier_recovery.cache/ip/2023.1/5/d/5d85e7cb4da753d8/vio_0_sim_netlist.vhdl to C:/Maestria/carrier_recovery/carrier_recovery.runs/vio_0_synth_1/vio_0_sim_netlist.vhdl.
INFO: [IP_Flow 19-6928] IPCACHE: copied cached file c:/Maestria/carrier_recovery/carrier_recovery.cache/ip/2023.1/5/d/5d85e7cb4da753d8/vio_0_stub.v to C:/Maestria/carrier_recovery/carrier_recovery.runs/vio_0_synth_1/vio_0_stub.v.
INFO: [IP_Flow 19-6928] IPCACHE: copied cached file c:/Maestria/carrier_recovery/carrier_recovery.cache/ip/2023.1/5/d/5d85e7cb4da753d8/vio_0_stub.vhdl to C:/Maestria/carrier_recovery/carrier_recovery.runs/vio_0_synth_1/vio_0_stub.vhdl.
INFO: [IP_Flow 19-4838] Using cached IP synthesis design for IP vio_0, cache-ID = 5d85e7cb4da753d8.
INFO: [Common 17-206] Exiting Vivado at Thu May 29 13:40:48 2025...
