
*** Running vivado
    with args -log ila_1.vds -m64 -product Vivado -mode batch -messageDb vivado.pb -notrace -source ila_1.tcl


ECHO is off.
ECHO is off.

****** Vivado v2023.1 (64-bit)
  **** SW Build 3865809 on Sun May  7 15:05:29 MDT 2023
  **** IP Build 3864474 on Sun May  7 20:36:21 MDT 2023
  **** SharedData Build 3865790 on Sun May 07 13:33:03 MDT 2023
    ** Copyright 1986-2022 Xilinx, Inc. All Rights Reserved.
    ** Copyright 2022-2023 Advanced Micro Devices, Inc. All Rights Reserved.

source ila_1.tcl -notrace
INFO: [IP_Flow 19-6924] IPCACHE: Running cache check for IP inst: ila_1
INFO: [IP_Flow 19-6922] IPCACHE: Exporting cached entry fb04624221e80c3c to dir: C:/Maestria/carrier_recovery/carrier_recovery.runs/ila_1_synth_1
INFO: [IP_Flow 19-6928] IPCACHE: copied cached file c:/Maestria/carrier_recovery/carrier_recovery.cache/ip/2023.1/f/b/fb04624221e80c3c/ila_1.dcp to C:/Maestria/carrier_recovery/carrier_recovery.runs/ila_1_synth_1/ila_1.dcp.
INFO: [IP_Flow 19-6928] IPCACHE: copied cached file c:/Maestria/carrier_recovery/carrier_recovery.cache/ip/2023.1/f/b/fb04624221e80c3c/ila_1_sim_netlist.v to C:/Maestria/carrier_recovery/carrier_recovery.runs/ila_1_synth_1/ila_1_sim_netlist.v.
INFO: [IP_Flow 19-6928] IPCACHE: copied cached file c:/Maestria/carrier_recovery/carrier_recovery.cache/ip/2023.1/f/b/fb04624221e80c3c/ila_1_sim_netlist.vhdl to C:/Maestria/carrier_recovery/carrier_recovery.runs/ila_1_synth_1/ila_1_sim_netlist.vhdl.
INFO: [IP_Flow 19-6928] IPCACHE: copied cached file c:/Maestria/carrier_recovery/carrier_recovery.cache/ip/2023.1/f/b/fb04624221e80c3c/ila_1_stub.v to C:/Maestria/carrier_recovery/carrier_recovery.runs/ila_1_synth_1/ila_1_stub.v.
INFO: [IP_Flow 19-6928] IPCACHE: copied cached file c:/Maestria/carrier_recovery/carrier_recovery.cache/ip/2023.1/f/b/fb04624221e80c3c/ila_1_stub.vhdl to C:/Maestria/carrier_recovery/carrier_recovery.runs/ila_1_synth_1/ila_1_stub.vhdl.
INFO: [IP_Flow 19-4838] Using cached IP synthesis design for IP ila_1, cache-ID = fb04624221e80c3c.
INFO: [Common 17-206] Exiting Vivado at Thu May 29 13:40:53 2025...
